{"utc": "2026-09-23T13:37:22+00:00", "host": "https://doi.org/10.1136/bmjopen-2026-117423", "ours": false, "n_items": 10, "error": null, "hit_dir": null}
{"utc": "2026-09-23T13:40:12+00:00", "host": "https://innovations.bmj.com/content/11/4/207", "ours": false, "n_items": 10, "error": null, "hit_dir": null}
{"utc": "2026-09-23T13:42:48+00:00", "host": "https://innovations.bmj.com/content/7/2/414", "ours": false, "n_items": 10, "error": null, "hit_dir": null}
{"utc": "2026-09-23T13:46:13+00:00", "host": "https://innovations.bmj.com/content/8/2/129", "ours": false, "n_items": 10, "error": null, "hit_dir": null}
{"utc": "2026-09-23T13:48:42+00:00", "host": "https://innovations.bmj.com/content/12/2/126", "ours": false, "n_items": 5, "error": null, "hit_dir": null}
{"utc": "2026-09-23T13:51:57+00:00", "host": "https://doi.org/10.1136/bmjopen-2020-044289", "ours": false, "n_items": 10, "error": null, "hit_dir": null}
{"utc": "2026-09-23T13:55:14+00:00", "host": "https://academic.oup.com/jamiaopen/article/doi/10.1093/jamiaopen/ooaf167/8415655", "ours": false, "n_items": 4, "error": null, "hit_dir": null}
{"utc": "2026-09-23T13:58:44+00:00", "host": "https://doi.org/10.1136/bmjopen-2022-065803", "ours": false, "n_items": 10, "error": null, "hit_dir": null}
{"utc": "2026-09-23T14:01:02+00:00", "host": "https://innovations.bmj.com/content/8/2/129", "ours": false, "n_items": 10, "error": null, "hit_dir": null}
{"utc": "2026-09-23T14:04:03+00:00", "host": "https://doi.org/10.1136/bmjopen-2020-044289", "ours": false, "n_items": 10, "error": null, "hit_dir": null}
{"utc": "2026-09-23T14:06:05+00:00", "host": "https://doi.org/10.1136/bmjopen-2022-065803", "ours": false, "n_items": 10, "error": null, "hit_dir": null}
{"utc": "2026-09-23T14:09:40+00:00", "host": "https://innovations.bmj.com/content/11/4/207", "ours": false, "n_items": 5, "error": null, "hit_dir": null}
{"utc": "2026-09-23T14:12:30+00:00", "host": "https://doi.org/10.1136/bmjopen-2026-117423", "ours": false, "n_items": 5, "error": null, "hit_dir": null}
{"utc": "2026-09-23T14:14:14+00:00", "host": "https://innovations.bmj.com/content/12/2/126", "ours": false, "n_items": 10, "error": null, "hit_dir": null}
{"utc": "2026-09-23T14:17:31+00:00", "host": "https://academic.oup.com/jamiaopen/article/doi/10.1093/jamiaopen/ooaf167/8415655", "ours": false, "n_items": 4, "error": null, "hit_dir": null}
{"utc": "2026-09-23T14:20:46+00:00", "host": "https://innovations.bmj.com/content/7/2/414", "ours": false, "n_items": 10, "error": null, "hit_dir": null}
{"utc": "2026-09-23T14:23:23+00:00", "host": "https://innovations.bmj.com/content/12/2/126", "ours": false, "n_items": 5, "error": null, "hit_dir": null}
{"utc": "2026-09-23T14:25:40+00:00", "host": "https://innovations.bmj.com/content/8/2/129", "ours": false, "n_items": 10, "error": null, "hit_dir": null}
{"utc": "2026-09-23T14:28:11+00:00", "host": "https://academic.oup.com/jamiaopen/article/doi/10.1093/jamiaopen/ooaf167/8415655", "ours": false, "n_items": 4, "error": null, "hit_dir": null}
{"utc": "2026-09-23T14:30:34+00:00", "host": "https://innovations.bmj.com/content/11/4/207", "ours": false, "n_items": 10, "error": null, "hit_dir": null}
{"utc": "2026-09-23T14:32:48+00:00", "host": "https://doi.org/10.1136/bmjopen-2020-044289", "ours": false, "n_items": 10, "error": null, "hit_dir": null}
{"utc": "2026-09-23T14:36:15+00:00", "host": "https://doi.org/10.1136/bmjopen-2026-117423", "ours": false, "n_items": 10, "error": null, "hit_dir": null}
{"utc": "2026-09-23T14:38:34+00:00", "host": "https://doi.org/10.1136/bmjopen-2022-065803", "ours": false, "n_items": 5, "error": null, "hit_dir": null}
{"utc": "2026-09-23T14:41:07+00:00", "host": "https://innovations.bmj.com/content/7/2/414", "ours": false, "n_items": 10, "error": null, "hit_dir": null}
{"utc": "2026-09-23T14:44:17+00:00", "host": "https://academic.oup.com/jamiaopen/article/doi/10.1093/jamiaopen/ooaf167/8415655", "ours": false, "n_items": 4, "error": null, "hit_dir": null}
{"utc": "2026-09-23T14:46:38+00:00", "host": "https://innovations.bmj.com/content/8/2/129", "ours": false, "n_items": 10, "error": null, "hit_dir": null}
{"utc": "2026-09-23T14:48:27+00:00", "host": "https://doi.org/10.1136/bmjopen-2026-117423", "ours": false, "n_items": 10, "error": null, "hit_dir": null}
{"utc": "2026-09-23T14:51:29+00:00", "host": "https://doi.org/10.1136/bmjopen-2022-065803", "ours": false, "n_items": 10, "error": null, "hit_dir": null}
{"utc": "2026-09-23T14:53:18+00:00", "host": "https://innovations.bmj.com/content/12/2/126", "ours": false, "n_items": 10, "error": null, "hit_dir": null}
{"utc": "2026-09-23T14:55:35+00:00", "host": "https://doi.org/10.1136/bmjopen-2020-044289", "ours": false, "n_items": 10, "error": null, "hit_dir": null}
{"utc": "2026-09-23T14:58:22+00:00", "host": "https://innovations.bmj.com/content/7/2/414", "ours": false, "n_items": 10, "error": null, "hit_dir": null}
{"utc": "2026-09-23T15:01:33+00:00", "host": "https://innovations.bmj.com/content/11/4/207", "ours": false, "n_items": 10, "error": null, "hit_dir": null}
{"utc": "2026-09-23T15:03:14+00:00", "host": "https://innovations.bmj.com/content/12/2/126", "ours": false, "n_items": 10, "error": null, "hit_dir": null}
{"utc": "2026-09-23T15:05:55+00:00", "host": "https://innovations.bmj.com/content/7/2/414", "ours": false, "n_items": 10, "error": null, "hit_dir": null}
{"utc": "2026-09-23T15:08:32+00:00", "host": "https://doi.org/10.1136/bmjopen-2020-044289", "ours": false, "n_items": 5, "error": null, "hit_dir": null}
{"utc": "2026-09-23T15:10:59+00:00", "host": "https://innovations.bmj.com/content/8/2/129", "ours": false, "n_items": 5, "error": null, "hit_dir": null}
{"utc": "2026-09-23T15:13:29+00:00", "host": "https://innovations.bmj.com/content/11/4/207", "ours": false, "n_items": 10, "error": null, "hit_dir": null}
{"utc": "2026-09-23T15:15:16+00:00", "host": "https://doi.org/10.1136/bmjopen-2026-117423", "ours": false, "n_items": 10, "error": null, "hit_dir": null}
{"utc": "2026-09-23T15:18:22+00:00", "host": "https://doi.org/10.1136/bmjopen-2022-065803", "ours": false, "n_items": 10, "error": null, "hit_dir": null}
{"utc": "2026-09-23T15:21:08+00:00", "host": "https://academic.oup.com/jamiaopen/article/doi/10.1093/jamiaopen/ooaf167/8415655", "ours": null, "n_items": null, "error": "Error: Page.goto: net::ERR_TIMED_OUT at https://academic.oup.com/jamiaopen/article/doi/10.1093/jamiaopen/ooaf167/8415655\nCall log:\n  - navigating to \"https://academic.oup.com/jamiaopen/article/doi/10.1093/ja", "hit_dir": null}
{"utc": "2026-09-23T15:24:22+00:00", "host": "https://doi.org/10.1136/bmjopen-2026-117423", "ours": false, "n_items": 10, "error": null, "hit_dir": null}
{"utc": "2026-09-23T15:27:42+00:00", "host": "https://doi.org/10.1136/bmjopen-2022-065803", "ours": false, "n_items": 5, "error": null, "hit_dir": null}
{"utc": "2026-09-23T15:29:46+00:00", "host": "https://academic.oup.com/jamiaopen/article/doi/10.1093/jamiaopen/ooaf167/8415655", "ours": false, "n_items": 4, "error": null, "hit_dir": null}
{"utc": "2026-09-23T15:31:42+00:00", "host": "https://doi.org/10.1136/bmjopen-2020-044289", "ours": false, "n_items": 5, "error": null, "hit_dir": null}
{"utc": "2026-09-23T15:34:56+00:00", "host": "https://innovations.bmj.com/content/11/4/207", "ours": false, "n_items": 10, "error": null, "hit_dir": null}
{"utc": "2026-09-23T15:38:18+00:00", "host": "https://innovations.bmj.com/content/7/2/414", "ours": false, "n_items": 10, "error": null, "hit_dir": null}
{"utc": "2026-09-23T15:40:09+00:00", "host": "https://innovations.bmj.com/content/8/2/129", "ours": false, "n_items": 5, "error": null, "hit_dir": null}
{"utc": "2026-09-23T15:43:20+00:00", "host": "https://innovations.bmj.com/content/12/2/126", "ours": false, "n_items": 10, "error": null, "hit_dir": null}
{"utc": "2026-09-23T15:46:44+00:00", "host": "https://academic.oup.com/jamiaopen/article/doi/10.1093/jamiaopen/ooaf167/8415655", "ours": false, "n_items": 4, "error": null, "hit_dir": null}
{"utc": "2026-09-23T15:49:56+00:00", "host": "https://doi.org/10.1136/bmjopen-2020-044289", "ours": false, "n_items": 5, "error": null, "hit_dir": null}
{"utc": "2026-09-23T15:52:08+00:00", "host": "https://innovations.bmj.com/content/11/4/207", "ours": false, "n_items": 10, "error": null, "hit_dir": null}
{"utc": "2026-09-23T15:54:25+00:00", "host": "https://innovations.bmj.com/content/12/2/126", "ours": false, "n_items": 10, "error": null, "hit_dir": null}
{"utc": "2026-09-23T15:57:21+00:00", "host": "https://innovations.bmj.com/content/8/2/129", "ours": false, "n_items": 5, "error": null, "hit_dir": null}
{"utc": "2026-09-23T16:00:24+00:00", "host": "https://doi.org/10.1136/bmjopen-2022-065803", "ours": false, "n_items": 10, "error": null, "hit_dir": null}
{"utc": "2026-09-23T16:03:20+00:00", "host": "https://doi.org/10.1136/bmjopen-2026-117423", "ours": false, "n_items": 5, "error": null, "hit_dir": null}
{"utc": "2026-09-23T16:06:46+00:00", "host": "https://innovations.bmj.com/content/7/2/414", "ours": false, "n_items": 10, "error": null, "hit_dir": null}
{"utc": "2026-09-23T16:08:48+00:00", "host": "https://innovations.bmj.com/content/7/2/414", "ours": false, "n_items": 10, "error": null, "hit_dir": null}
{"utc": "2026-09-23T16:11:01+00:00", "host": "https://doi.org/10.1136/bmjopen-2020-044289", "ours": false, "n_items": 10, "error": null, "hit_dir": null}
{"utc": "2026-09-23T16:14:06+00:00", "host": "https://doi.org/10.1136/bmjopen-2022-065803", "ours": false, "n_items": 10, "error": null, "hit_dir": null}
{"utc": "2026-09-23T16:17:01+00:00", "host": "https://innovations.bmj.com/content/11/4/207", "ours": false, "n_items": 5, "error": null, "hit_dir": null}
{"utc": "2026-09-23T16:18:57+00:00", "host": "https://innovations.bmj.com/content/8/2/129", "ours": false, "n_items": 10, "error": null, "hit_dir": null}
{"utc": "2026-09-23T16:22:16+00:00", "host": "https://academic.oup.com/jamiaopen/article/doi/10.1093/jamiaopen/ooaf167/8415655", "ours": false, "n_items": 4, "error": null, "hit_dir": null}
{"utc": "2026-09-23T16:23:51+00:00", "host": "https://doi.org/10.1136/bmjopen-2026-117423", "ours": false, "n_items": 10, "error": null, "hit_dir": null}
{"utc": "2026-09-23T16:26:50+00:00", "host": "https://innovations.bmj.com/content/12/2/126", "ours": false, "n_items": 10, "error": null, "hit_dir": null}
{"utc": "2026-09-23T16:29:30+00:00", "host": "https://innovations.bmj.com/content/11/4/207", "ours": false, "n_items": 10, "error": null, "hit_dir": null}
{"utc": "2026-09-23T16:31:18+00:00", "host": "https://innovations.bmj.com/content/12/2/126", "ours": false, "n_items": 10, "error": null, "hit_dir": null}
{"utc": "2026-09-23T16:33:32+00:00", "host": "https://innovations.bmj.com/content/7/2/414", "ours": false, "n_items": 5, "error": null, "hit_dir": null}
{"utc": "2026-09-23T16:35:33+00:00", "host": "https://doi.org/10.1136/bmjopen-2022-065803", "ours": false, "n_items": 10, "error": null, "hit_dir": null}
{"utc": "2026-09-23T16:37:30+00:00", "host": "https://doi.org/10.1136/bmjopen-2020-044289", "ours": false, "n_items": 10, "error": null, "hit_dir": null}
{"utc": "2026-09-23T16:39:25+00:00", "host": "https://innovations.bmj.com/content/8/2/129", "ours": false, "n_items": 10, "error": null, "hit_dir": null}
{"utc": "2026-09-23T16:41:26+00:00", "host": "https://academic.oup.com/jamiaopen/article/doi/10.1093/jamiaopen/ooaf167/8415655", "ours": false, "n_items": 4, "error": null, "hit_dir": null}
{"utc": "2026-09-23T16:44:17+00:00", "host": "https://doi.org/10.1136/bmjopen-2026-117423", "ours": false, "n_items": 5, "error": null, "hit_dir": null}
{"utc": "2026-09-23T16:47:08+00:00", "host": "https://innovations.bmj.com/content/11/4/207", "ours": false, "n_items": 10, "error": null, "hit_dir": null}
{"utc": "2026-09-23T16:50:20+00:00", "host": "https://innovations.bmj.com/content/7/2/414", "ours": false, "n_items": 5, "error": null, "hit_dir": null}
{"utc": "2026-09-23T16:52:29+00:00", "host": "https://innovations.bmj.com/content/12/2/126", "ours": false, "n_items": 10, "error": null, "hit_dir": null}
{"utc": "2026-09-23T16:55:51+00:00", "host": "https://doi.org/10.1136/bmjopen-2022-065803", "ours": false, "n_items": 5, "error": null, "hit_dir": null}
{"utc": "2026-09-23T16:59:20+00:00", "host": "https://innovations.bmj.com/content/8/2/129", "ours": false, "n_items": 10, "error": null, "hit_dir": null}
{"utc": "2026-09-23T17:02:44+00:00", "host": "https://doi.org/10.1136/bmjopen-2026-117423", "ours": false, "n_items": 10, "error": null, "hit_dir": null}
{"utc": "2026-09-23T17:04:47+00:00", "host": "https://doi.org/10.1136/bmjopen-2020-044289", "ours": false, "n_items": 10, "error": null, "hit_dir": null}
{"utc": "2026-09-23T17:08:47+00:00", "host": "https://academic.oup.com/jamiaopen/article/doi/10.1093/jamiaopen/ooaf167/8415655", "ours": false, "n_items": 4, "error": null, "hit_dir": null}
{"utc": "2026-09-23T17:11:55+00:00", "host": "https://innovations.bmj.com/content/12/2/126", "ours": false, "n_items": 10, "error": null, "hit_dir": null}
{"utc": "2026-09-23T17:14:37+00:00", "host": "https://innovations.bmj.com/content/8/2/129", "ours": false, "n_items": 10, "error": null, "hit_dir": null}
{"utc": "2026-09-23T17:17:56+00:00", "host": "https://doi.org/10.1136/bmjopen-2022-065803", "ours": false, "n_items": 10, "error": null, "hit_dir": null}
{"utc": "2026-09-23T17:20:58+00:00", "host": "https://doi.org/10.1136/bmjopen-2020-044289", "ours": false, "n_items": 10, "error": null, "hit_dir": null}
{"utc": "2026-09-23T17:23:55+00:00", "host": "https://doi.org/10.1136/bmjopen-2026-117423", "ours": false, "n_items": 10, "error": null, "hit_dir": null}
{"utc": "2026-09-23T17:25:35+00:00", "host": "https://innovations.bmj.com/content/7/2/414", "ours": false, "n_items": 5, "error": null, "hit_dir": null}
{"utc": "2026-09-23T17:27:18+00:00", "host": "https://academic.oup.com/jamiaopen/article/doi/10.1093/jamiaopen/ooaf167/8415655", "ours": false, "n_items": 4, "error": null, "hit_dir": null}
{"utc": "2026-09-23T17:30:01+00:00", "host": "https://innovations.bmj.com/content/11/4/207", "ours": false, "n_items": 10, "error": null, "hit_dir": null}
{"utc": "2026-09-23T17:32:14+00:00", "host": "https://doi.org/10.1136/bmjopen-2022-065803", "ours": false, "n_items": 5, "error": null, "hit_dir": null}
{"utc": "2026-09-23T17:34:22+00:00", "host": "https://doi.org/10.1136/bmjopen-2020-044289", "ours": false, "n_items": 10, "error": null, "hit_dir": null}
{"utc": "2026-09-23T17:36:17+00:00", "host": "https://academic.oup.com/jamiaopen/article/doi/10.1093/jamiaopen/ooaf167/8415655", "ours": false, "n_items": 4, "error": null, "hit_dir": null}
{"utc": "2026-09-23T17:39:16+00:00", "host": "https://doi.org/10.1136/bmjopen-2026-117423", "ours": false, "n_items": 10, "error": null, "hit_dir": null}
{"utc": "2026-09-23T17:40:59+00:00", "host": "https://innovations.bmj.com/content/7/2/414", "ours": false, "n_items": 5, "error": null, "hit_dir": null}
{"utc": "2026-09-23T17:44:31+00:00", "host": "https://innovations.bmj.com/content/12/2/126", "ours": false, "n_items": 10, "error": null, "hit_dir": null}
{"utc": "2026-09-23T17:48:03+00:00", "host": "https://innovations.bmj.com/content/11/4/207", "ours": false, "n_items": 10, "error": null, "hit_dir": null}
{"utc": "2026-09-23T17:49:49+00:00", "host": "https://innovations.bmj.com/content/8/2/129", "ours": false, "n_items": 10, "error": null, "hit_dir": null}
{"utc": "2026-09-23T17:52:37+00:00", "host": "https://innovations.bmj.com/content/7/2/414", "ours": false, "n_items": 10, "error": null, "hit_dir": null}
{"utc": "2026-09-23T17:54:48+00:00", "host": "https://innovations.bmj.com/content/8/2/129", "ours": false, "n_items": 5, "error": null, "hit_dir": null}
{"utc": "2026-09-23T17:56:51+00:00", "host": "https://doi.org/10.1136/bmjopen-2026-117423", "ours": false, "n_items": 10, "error": null, "hit_dir": null}
{"utc": "2026-09-23T17:59:58+00:00", "host": "https://doi.org/10.1136/bmjopen-2022-065803", "ours": false, "n_items": 5, "error": null, "hit_dir": null}
{"utc": "2026-09-23T18:03:42+00:00", "host": "https://academic.oup.com/jamiaopen/article/doi/10.1093/jamiaopen/ooaf167/8415655", "ours": null, "n_items": null, "error": "TimeoutError: Timeout 45000ms exceeded while waiting for event \"response\"", "hit_dir": null}
{"utc": "2026-09-23T18:06:50+00:00", "host": "https://doi.org/10.1136/bmjopen-2020-044289", "ours": false, "n_items": 10, "error": null, "hit_dir": null}
{"utc": "2026-09-23T18:09:48+00:00", "host": "https://innovations.bmj.com/content/12/2/126", "ours": false, "n_items": 10, "error": null, "hit_dir": null}
{"utc": "2026-09-23T18:12:37+00:00", "host": "https://innovations.bmj.com/content/11/4/207", "ours": false, "n_items": 5, "error": null, "hit_dir": null}
{"utc": "2026-09-23T18:15:43+00:00", "host": "https://doi.org/10.1136/bmjopen-2020-044289", "ours": false, "n_items": 5, "error": null, "hit_dir": null}
{"utc": "2026-09-23T18:18:25+00:00", "host": "https://innovations.bmj.com/content/8/2/129", "ours": false, "n_items": 10, "error": null, "hit_dir": null}
{"utc": "2026-09-23T18:20:51+00:00", "host": "https://innovations.bmj.com/content/7/2/414", "ours": false, "n_items": 10, "error": null, "hit_dir": null}
{"utc": "2026-09-23T18:24:22+00:00", "host": "https://innovations.bmj.com/content/11/4/207", "ours": false, "n_items": 10, "error": null, "hit_dir": null}
{"utc": "2026-09-23T18:27:14+00:00", "host": "https://doi.org/10.1136/bmjopen-2026-117423", "ours": false, "n_items": 10, "error": null, "hit_dir": null}
{"utc": "2026-09-23T18:29:00+00:00", "host": "https://academic.oup.com/jamiaopen/article/doi/10.1093/jamiaopen/ooaf167/8415655", "ours": false, "n_items": 4, "error": null, "hit_dir": null}
{"utc": "2026-09-23T18:30:41+00:00", "host": "https://innovations.bmj.com/content/12/2/126", "ours": false, "n_items": 5, "error": null, "hit_dir": null}
{"utc": "2026-09-23T18:32:45+00:00", "host": "https://doi.org/10.1136/bmjopen-2022-065803", "ours": false, "n_items": 5, "error": null, "hit_dir": null}
{"utc": "2026-09-23T18:35:16+00:00", "host": "https://doi.org/10.1136/bmjopen-2020-044289", "ours": false, "n_items": 10, "error": null, "hit_dir": null}
{"utc": "2026-09-23T18:38:06+00:00", "host": "https://innovations.bmj.com/content/7/2/414", "ours": false, "n_items": 10, "error": null, "hit_dir": null}
{"utc": "2026-09-23T18:41:40+00:00", "host": "https://doi.org/10.1136/bmjopen-2026-117423", "ours": false, "n_items": 10, "error": null, "hit_dir": null}
{"utc": "2026-09-23T18:43:54+00:00", "host": "https://innovations.bmj.com/content/12/2/126", "ours": false, "n_items": 5, "error": null, "hit_dir": null}
{"utc": "2026-09-23T18:46:55+00:00", "host": "https://doi.org/10.1136/bmjopen-2022-065803", "ours": false, "n_items": 10, "error": null, "hit_dir": null}
{"utc": "2026-09-23T18:50:21+00:00", "host": "https://academic.oup.com/jamiaopen/article/doi/10.1093/jamiaopen/ooaf167/8415655", "ours": null, "n_items": null, "error": "TimeoutError: Timeout 45000ms exceeded while waiting for event \"response\"", "hit_dir": null}
{"utc": "2026-09-23T18:54:21+00:00", "host": "https://innovations.bmj.com/content/8/2/129", "ours": false, "n_items": 10, "error": null, "hit_dir": null}
{"utc": "2026-09-23T18:57:46+00:00", "host": "https://innovations.bmj.com/content/11/4/207", "ours": false, "n_items": 5, "error": null, "hit_dir": null}
{"utc": "2026-09-23T19:00:49+00:00", "host": "https://innovations.bmj.com/content/7/2/414", "ours": false, "n_items": 10, "error": null, "hit_dir": null}
{"utc": "2026-09-23T19:02:57+00:00", "host": "https://doi.org/10.1136/bmjopen-2026-117423", "ours": false, "n_items": 10, "error": null, "hit_dir": null}
{"utc": "2026-09-23T19:05:02+00:00", "host": "https://doi.org/10.1136/bmjopen-2022-065803", "ours": false, "n_items": 10, "error": null, "hit_dir": null}
{"utc": "2026-09-23T19:06:41+00:00", "host": "https://innovations.bmj.com/content/8/2/129", "ours": false, "n_items": 10, "error": null, "hit_dir": null}
{"utc": "2026-09-23T19:09:40+00:00", "host": "https://innovations.bmj.com/content/11/4/207", "ours": false, "n_items": 10, "error": null, "hit_dir": null}
{"utc": "2026-09-23T19:12:04+00:00", "host": "https://innovations.bmj.com/content/12/2/126", "ours": false, "n_items": 10, "error": null, "hit_dir": null}
{"utc": "2026-09-23T19:15:28+00:00", "host": "https://academic.oup.com/jamiaopen/article/doi/10.1093/jamiaopen/ooaf167/8415655", "ours": false, "n_items": 4, "error": null, "hit_dir": null}
{"utc": "2026-09-23T19:18:56+00:00", "host": "https://doi.org/10.1136/bmjopen-2020-044289", "ours": false, "n_items": 10, "error": null, "hit_dir": null}
{"utc": "2026-09-23T19:21:03+00:00", "host": "https://innovations.bmj.com/content/11/4/207", "ours": false, "n_items": 10, "error": null, "hit_dir": null}
{"utc": "2026-09-23T19:23:14+00:00", "host": "https://doi.org/10.1136/bmjopen-2020-044289", "ours": false, "n_items": 10, "error": null, "hit_dir": null}
{"utc": "2026-09-23T19:25:45+00:00", "host": "https://innovations.bmj.com/content/12/2/126", "ours": false, "n_items": 10, "error": null, "hit_dir": null}
{"utc": "2026-09-23T19:27:42+00:00", "host": "https://innovations.bmj.com/content/8/2/129", "ours": false, "n_items": 5, "error": null, "hit_dir": null}
{"utc": "2026-09-23T19:30:05+00:00", "host": "https://innovations.bmj.com/content/7/2/414", "ours": false, "n_items": 10, "error": null, "hit_dir": null}
{"utc": "2026-09-23T19:33:33+00:00", "host": "https://academic.oup.com/jamiaopen/article/doi/10.1093/jamiaopen/ooaf167/8415655", "ours": false, "n_items": 4, "error": null, "hit_dir": null}
{"utc": "2026-09-23T19:36:20+00:00", "host": "https://doi.org/10.1136/bmjopen-2026-117423", "ours": false, "n_items": 5, "error": null, "hit_dir": null}
{"utc": "2026-09-23T19:39:55+00:00", "host": "https://doi.org/10.1136/bmjopen-2022-065803", "ours": false, "n_items": 10, "error": null, "hit_dir": null}
{"utc": "2026-09-23T19:42:03+00:00", "host": "https://academic.oup.com/jamiaopen/article/doi/10.1093/jamiaopen/ooaf167/8415655", "ours": false, "n_items": 4, "error": null, "hit_dir": null}
{"utc": "2026-09-23T19:45:20+00:00", "host": "https://doi.org/10.1136/bmjopen-2020-044289", "ours": false, "n_items": 10, "error": null, "hit_dir": null}
{"utc": "2026-09-23T19:47:41+00:00", "host": "https://innovations.bmj.com/content/8/2/129", "ours": false, "n_items": 5, "error": null, "hit_dir": null}
{"utc": "2026-09-23T19:50:53+00:00", "host": "https://innovations.bmj.com/content/11/4/207", "ours": false, "n_items": 5, "error": null, "hit_dir": null}
{"utc": "2026-09-23T19:53:01+00:00", "host": "https://doi.org/10.1136/bmjopen-2026-117423", "ours": false, "n_items": 10, "error": null, "hit_dir": null}
{"utc": "2026-09-23T19:55:19+00:00", "host": "https://innovations.bmj.com/content/12/2/126", "ours": false, "n_items": 10, "error": null, "hit_dir": null}
{"utc": "2026-09-23T19:57:04+00:00", "host": "https://doi.org/10.1136/bmjopen-2022-065803", "ours": false, "n_items": 10, "error": null, "hit_dir": null}
{"utc": "2026-09-23T20:00:20+00:00", "host": "https://innovations.bmj.com/content/7/2/414", "ours": false, "n_items": 10, "error": null, "hit_dir": null}
{"utc": "2026-09-23T20:03:24+00:00", "host": "https://doi.org/10.1136/bmjopen-2020-044289", "ours": false, "n_items": 6, "error": null, "hit_dir": null}
{"utc": "2026-09-23T20:06:14+00:00", "host": "https://innovations.bmj.com/content/12/2/126", "ours": false, "n_items": 10, "error": null, "hit_dir": null}
{"utc": "2026-09-23T20:08:17+00:00", "host": "https://doi.org/10.1136/bmjopen-2026-117423", "ours": false, "n_items": 6, "error": null, "hit_dir": null}
{"utc": "2026-09-23T20:10:32+00:00", "host": "https://academic.oup.com/jamiaopen/article/doi/10.1093/jamiaopen/ooaf167/8415655", "ours": false, "n_items": 4, "error": null, "hit_dir": null}
{"utc": "2026-09-23T20:12:32+00:00", "host": "https://innovations.bmj.com/content/8/2/129", "ours": false, "n_items": 10, "error": null, "hit_dir": null}
{"utc": "2026-09-23T20:14:35+00:00", "host": "https://innovations.bmj.com/content/7/2/414", "ours": false, "n_items": 5, "error": null, "hit_dir": null}
{"utc": "2026-09-23T20:17:38+00:00", "host": "https://doi.org/10.1136/bmjopen-2022-065803", "ours": false, "n_items": 10, "error": null, "hit_dir": null}
{"utc": "2026-09-23T20:20:27+00:00", "host": "https://innovations.bmj.com/content/11/4/207", "ours": false, "n_items": 10, "error": null, "hit_dir": null}
{"utc": "2026-09-23T20:23:30+00:00", "host": "https://innovations.bmj.com/content/7/2/414", "ours": false, "n_items": 10, "error": null, "hit_dir": null}
{"utc": "2026-09-23T20:25:21+00:00", "host": "https://doi.org/10.1136/bmjopen-2026-117423", "ours": false, "n_items": 5, "error": null, "hit_dir": null}
{"utc": "2026-09-23T20:27:43+00:00", "host": "https://innovations.bmj.com/content/12/2/126", "ours": false, "n_items": 5, "error": null, "hit_dir": null}
{"utc": "2026-09-23T20:30:29+00:00", "host": "https://innovations.bmj.com/content/8/2/129", "ours": false, "n_items": 6, "error": null, "hit_dir": null}
{"utc": "2026-09-23T20:32:24+00:00", "host": "https://academic.oup.com/jamiaopen/article/doi/10.1093/jamiaopen/ooaf167/8415655", "ours": null, "n_items": null, "error": "Error: Page.goto: net::ERR_TIMED_OUT at https://academic.oup.com/jamiaopen/article/doi/10.1093/jamiaopen/ooaf167/8415655\nCall log:\n  - navigating to \"https://academic.oup.com/jamiaopen/article/doi/10.1093/ja", "hit_dir": null}
{"utc": "2026-09-23T20:35:43+00:00", "host": "https://innovations.bmj.com/content/11/4/207", "ours": false, "n_items": 10, "error": null, "hit_dir": null}
{"utc": "2026-09-23T20:38:05+00:00", "host": "https://doi.org/10.1136/bmjopen-2020-044289", "ours": false, "n_items": 6, "error": null, "hit_dir": null}
{"utc": "2026-09-23T20:40:13+00:00", "host": "https://doi.org/10.1136/bmjopen-2022-065803", "ours": false, "n_items": 10, "error": null, "hit_dir": null}
{"utc": "2026-09-23T20:42:22+00:00", "host": "https://academic.oup.com/jamiaopen/article/doi/10.1093/jamiaopen/ooaf167/8415655", "ours": false, "n_items": 4, "error": null, "hit_dir": null}
{"utc": "2026-09-23T20:44:23+00:00", "host": "https://doi.org/10.1136/bmjopen-2022-065803", "ours": false, "n_items": 6, "error": null, "hit_dir": null}
{"utc": "2026-09-23T20:46:15+00:00", "host": "https://innovations.bmj.com/content/12/2/126", "ours": false, "n_items": 10, "error": null, "hit_dir": null}
{"utc": "2026-09-23T20:49:02+00:00", "host": "https://doi.org/10.1136/bmjopen-2020-044289", "ours": false, "n_items": 10, "error": null, "hit_dir": null}
{"utc": "2026-09-23T20:51:10+00:00", "host": "https://doi.org/10.1136/bmjopen-2026-117423", "ours": false, "n_items": 10, "error": null, "hit_dir": null}
{"utc": "2026-09-23T20:52:54+00:00", "host": "https://innovations.bmj.com/content/8/2/129", "ours": false, "n_items": 10, "error": null, "hit_dir": null}
{"utc": "2026-09-23T20:54:50+00:00", "host": "https://innovations.bmj.com/content/7/2/414", "ours": false, "n_items": 5, "error": null, "hit_dir": null}
{"utc": "2026-09-23T20:57:26+00:00", "host": "https://innovations.bmj.com/content/11/4/207", "ours": false, "n_items": 6, "error": null, "hit_dir": null}
{"utc": "2026-09-23T20:59:16+00:00", "host": "https://doi.org/10.1136/bmjopen-2026-117423", "ours": false, "n_items": 5, "error": null, "hit_dir": null}
{"utc": "2026-09-23T21:01:02+00:00", "host": "https://innovations.bmj.com/content/8/2/129", "ours": false, "n_items": 10, "error": null, "hit_dir": null}
{"utc": "2026-09-23T21:03:30+00:00", "host": "https://innovations.bmj.com/content/7/2/414", "ours": false, "n_items": 5, "error": null, "hit_dir": null}
{"utc": "2026-09-23T21:06:34+00:00", "host": "https://doi.org/10.1136/bmjopen-2020-044289", "ours": false, "n_items": 10, "error": null, "hit_dir": null}
{"utc": "2026-09-23T21:08:48+00:00", "host": "https://innovations.bmj.com/content/11/4/207", "ours": false, "n_items": 6, "error": null, "hit_dir": null}
{"utc": "2026-09-23T21:12:03+00:00", "host": "https://innovations.bmj.com/content/12/2/126", "ours": false, "n_items": 5, "error": null, "hit_dir": null}
{"utc": "2026-09-23T21:15:22+00:00", "host": "https://doi.org/10.1136/bmjopen-2022-065803", "ours": false, "n_items": 6, "error": null, "hit_dir": null}
{"utc": "2026-09-23T21:17:14+00:00", "host": "https://academic.oup.com/jamiaopen/article/doi/10.1093/jamiaopen/ooaf167/8415655", "ours": false, "n_items": 4, "error": null, "hit_dir": null}
{"utc": "2026-09-23T21:20:13+00:00", "host": "https://innovations.bmj.com/content/11/4/207", "ours": false, "n_items": 10, "error": null, "hit_dir": null}
{"utc": "2026-09-23T21:23:44+00:00", "host": "https://doi.org/10.1136/bmjopen-2026-117423", "ours": false, "n_items": 6, "error": null, "hit_dir": null}
{"utc": "2026-09-23T21:26:45+00:00", "host": "https://innovations.bmj.com/content/8/2/129", "ours": false, "n_items": 10, "error": null, "hit_dir": null}
{"utc": "2026-09-23T21:29:55+00:00", "host": "https://academic.oup.com/jamiaopen/article/doi/10.1093/jamiaopen/ooaf167/8415655", "ours": null, "n_items": null, "error": "TimeoutError: Timeout 45000ms exceeded while waiting for event \"response\"", "hit_dir": null}
{"utc": "2026-09-23T21:33:00+00:00", "host": "https://doi.org/10.1136/bmjopen-2020-044289", "ours": false, "n_items": 10, "error": null, "hit_dir": null}
{"utc": "2026-09-23T21:35:32+00:00", "host": "https://doi.org/10.1136/bmjopen-2022-065803", "ours": false, "n_items": 10, "error": null, "hit_dir": null}
{"utc": "2026-09-23T21:37:23+00:00", "host": "https://innovations.bmj.com/content/7/2/414", "ours": false, "n_items": 10, "error": null, "hit_dir": null}
{"utc": "2026-09-23T21:40:50+00:00", "host": "https://innovations.bmj.com/content/12/2/126", "ours": false, "n_items": 6, "error": null, "hit_dir": null}
{"utc": "2026-09-23T21:43:29+00:00", "host": "https://innovations.bmj.com/content/7/2/414", "ours": false, "n_items": 5, "error": null, "hit_dir": null}
{"utc": "2026-09-23T21:45:19+00:00", "host": "https://innovations.bmj.com/content/11/4/207", "ours": false, "n_items": 10, "error": null, "hit_dir": null}
{"utc": "2026-09-23T21:48:08+00:00", "host": "https://academic.oup.com/jamiaopen/article/doi/10.1093/jamiaopen/ooaf167/8415655", "ours": null, "n_items": null, "error": "TimeoutError: Timeout 45000ms exceeded while waiting for event \"response\"", "hit_dir": null}
{"utc": "2026-09-23T21:52:07+00:00", "host": "https://innovations.bmj.com/content/12/2/126", "ours": false, "n_items": 10, "error": null, "hit_dir": null}
{"utc": "2026-09-23T21:54:46+00:00", "host": "https://doi.org/10.1136/bmjopen-2020-044289", "ours": false, "n_items": 5, "error": null, "hit_dir": null}
{"utc": "2026-09-23T21:56:28+00:00", "host": "https://innovations.bmj.com/content/8/2/129", "ours": false, "n_items": 10, "error": null, "hit_dir": null}
{"utc": "2026-09-23T21:58:09+00:00", "host": "https://doi.org/10.1136/bmjopen-2022-065803", "ours": false, "n_items": 10, "error": null, "hit_dir": null}
{"utc": "2026-09-23T22:00:54+00:00", "host": "https://doi.org/10.1136/bmjopen-2026-117423", "ours": false, "n_items": 5, "error": null, "hit_dir": null}
{"utc": "2026-09-23T22:04:13+00:00", "host": "https://innovations.bmj.com/content/12/2/126", "ours": false, "n_items": 10, "error": null, "hit_dir": null}
{"utc": "2026-09-23T22:06:21+00:00", "host": "https://doi.org/10.1136/bmjopen-2020-044289", "ours": false, "n_items": 10, "error": null, "hit_dir": null}
{"utc": "2026-09-23T22:08:49+00:00", "host": "https://academic.oup.com/jamiaopen/article/doi/10.1093/jamiaopen/ooaf167/8415655", "ours": null, "n_items": null, "error": "TimeoutError: Timeout 45000ms exceeded while waiting for event \"response\"", "hit_dir": null}
{"utc": "2026-09-23T22:12:57+00:00", "host": "https://doi.org/10.1136/bmjopen-2022-065803", "ours": false, "n_items": 10, "error": null, "hit_dir": null}
{"utc": "2026-09-23T22:15:17+00:00", "host": "https://innovations.bmj.com/content/11/4/207", "ours": false, "n_items": 5, "error": null, "hit_dir": null}
{"utc": "2026-09-23T22:17:50+00:00", "host": "https://innovations.bmj.com/content/8/2/129", "ours": false, "n_items": 10, "error": null, "hit_dir": null}
{"utc": "2026-09-23T22:21:25+00:00", "host": "https://innovations.bmj.com/content/7/2/414", "ours": false, "n_items": 10, "error": null, "hit_dir": null}
{"utc": "2026-09-23T22:24:03+00:00", "host": "https://doi.org/10.1136/bmjopen-2026-117423", "ours": false, "n_items": 6, "error": null, "hit_dir": null}
{"utc": "2026-09-23T22:27:13+00:00", "host": "https://innovations.bmj.com/content/11/4/207", "ours": false, "n_items": 10, "error": null, "hit_dir": null}
{"utc": "2026-09-23T22:30:22+00:00", "host": "https://innovations.bmj.com/content/8/2/129", "ours": false, "n_items": 10, "error": null, "hit_dir": null}
{"utc": "2026-09-23T22:33:40+00:00", "host": "https://doi.org/10.1136/bmjopen-2020-044289", "ours": false, "n_items": 10, "error": null, "hit_dir": null}
{"utc": "2026-09-23T22:36:05+00:00", "host": "https://academic.oup.com/jamiaopen/article/doi/10.1093/jamiaopen/ooaf167/8415655", "ours": null, "n_items": null, "error": "TimeoutError: Timeout 45000ms exceeded while waiting for event \"response\"", "hit_dir": null}
{"utc": "2026-09-23T22:39:29+00:00", "host": "https://doi.org/10.1136/bmjopen-2022-065803", "ours": false, "n_items": 10, "error": null, "hit_dir": null}
{"utc": "2026-09-23T22:42:22+00:00", "host": "https://doi.org/10.1136/bmjopen-2026-117423", "ours": false, "n_items": 10, "error": null, "hit_dir": null}
{"utc": "2026-09-23T22:44:14+00:00", "host": "https://innovations.bmj.com/content/7/2/414", "ours": false, "n_items": 6, "error": null, "hit_dir": null}
{"utc": "2026-09-23T22:46:39+00:00", "host": "https://innovations.bmj.com/content/12/2/126", "ours": false, "n_items": 10, "error": null, "hit_dir": null}
{"utc": "2026-09-23T22:49:37+00:00", "host": "https://innovations.bmj.com/content/12/2/126", "ours": false, "n_items": 10, "error": null, "hit_dir": null}
{"utc": "2026-09-23T22:51:43+00:00", "host": "https://doi.org/10.1136/bmjopen-2020-044289", "ours": false, "n_items": 5, "error": null, "hit_dir": null}
{"utc": "2026-09-23T22:54:40+00:00", "host": "https://doi.org/10.1136/bmjopen-2026-117423", "ours": false, "n_items": 9, "error": null, "hit_dir": null}
{"utc": "2026-09-23T22:56:43+00:00", "host": "https://academic.oup.com/jamiaopen/article/doi/10.1093/jamiaopen/ooaf167/8415655", "ours": null, "n_items": null, "error": "TimeoutError: Timeout 45000ms exceeded while waiting for event \"response\"", "hit_dir": null}
{"utc": "2026-09-23T22:59:21+00:00", "host": "https://innovations.bmj.com/content/8/2/129", "ours": false, "n_items": 10, "error": null, "hit_dir": null}
{"utc": "2026-09-23T23:01:43+00:00", "host": "https://doi.org/10.1136/bmjopen-2022-065803", "ours": false, "n_items": 10, "error": null, "hit_dir": null}
{"utc": "2026-09-23T23:04:54+00:00", "host": "https://innovations.bmj.com/content/7/2/414", "ours": false, "n_items": 10, "error": null, "hit_dir": null}
{"utc": "2026-09-23T23:08:11+00:00", "host": "https://innovations.bmj.com/content/11/4/207", "ours": false, "n_items": 5, "error": null, "hit_dir": null}
{"utc": "2026-09-23T23:10:39+00:00", "host": "https://innovations.bmj.com/content/8/2/129", "ours": false, "n_items": 10, "error": null, "hit_dir": null}
{"utc": "2026-09-23T23:14:13+00:00", "host": "https://innovations.bmj.com/content/12/2/126", "ours": false, "n_items": 10, "error": null, "hit_dir": null}
{"utc": "2026-09-23T23:16:34+00:00", "host": "https://innovations.bmj.com/content/11/4/207", "ours": false, "n_items": 10, "error": null, "hit_dir": null}
{"utc": "2026-09-23T23:20:02+00:00", "host": "https://innovations.bmj.com/content/7/2/414", "ours": false, "n_items": 10, "error": null, "hit_dir": null}
{"utc": "2026-09-23T23:22:37+00:00", "host": "https://academic.oup.com/jamiaopen/article/doi/10.1093/jamiaopen/ooaf167/8415655", "ours": null, "n_items": null, "error": "TimeoutError: Timeout 45000ms exceeded while waiting for event \"response\"", "hit_dir": null}
{"utc": "2026-09-23T23:26:52+00:00", "host": "https://doi.org/10.1136/bmjopen-2022-065803", "ours": false, "n_items": 10, "error": null, "hit_dir": null}
{"utc": "2026-09-23T23:29:28+00:00", "host": "https://doi.org/10.1136/bmjopen-2020-044289", "ours": false, "n_items": 5, "error": null, "hit_dir": null}
{"utc": "2026-09-23T23:31:32+00:00", "host": "https://doi.org/10.1136/bmjopen-2026-117423", "ours": false, "n_items": 10, "error": null, "hit_dir": null}
{"utc": "2026-09-23T23:34:36+00:00", "host": "https://innovations.bmj.com/content/8/2/129", "ours": false, "n_items": 5, "error": null, "hit_dir": null}
{"utc": "2026-09-23T23:37:09+00:00", "host": "https://innovations.bmj.com/content/7/2/414", "ours": false, "n_items": 10, "error": null, "hit_dir": null}
{"utc": "2026-09-23T23:39:06+00:00", "host": "https://academic.oup.com/jamiaopen/article/doi/10.1093/jamiaopen/ooaf167/8415655", "ours": false, "n_items": 4, "error": null, "hit_dir": null}
{"utc": "2026-09-23T23:40:57+00:00", "host": "https://doi.org/10.1136/bmjopen-2022-065803", "ours": false, "n_items": 10, "error": null, "hit_dir": null}
{"utc": "2026-09-23T23:44:09+00:00", "host": "https://doi.org/10.1136/bmjopen-2026-117423", "ours": false, "n_items": 10, "error": null, "hit_dir": null}
{"utc": "2026-09-23T23:46:05+00:00", "host": "https://doi.org/10.1136/bmjopen-2020-044289", "ours": null, "n_items": null, "error": "TimeoutError: Timeout 45000ms exceeded while waiting for event \"response\"", "hit_dir": null}
{"utc": "2026-09-23T23:49:12+00:00", "host": "https://innovations.bmj.com/content/12/2/126", "ours": false, "n_items": 10, "error": null, "hit_dir": null}
{"utc": "2026-09-23T23:51:49+00:00", "host": "https://innovations.bmj.com/content/11/4/207", "ours": false, "n_items": 10, "error": null, "hit_dir": null}
{"utc": "2026-09-23T23:54:10+00:00", "host": "https://doi.org/10.1136/bmjopen-2026-117423", "ours": false, "n_items": 6, "error": null, "hit_dir": null}
{"utc": "2026-09-23T23:56:48+00:00", "host": "https://doi.org/10.1136/bmjopen-2022-065803", "ours": false, "n_items": 10, "error": null, "hit_dir": null}
{"utc": "2026-09-23T23:59:16+00:00", "host": "https://innovations.bmj.com/content/7/2/414", "ours": false, "n_items": 10, "error": null, "hit_dir": null}
{"utc": "2026-09-24T00:02:46+00:00", "host": "https://doi.org/10.1136/bmjopen-2020-044289", "ours": false, "n_items": 10, "error": null, "hit_dir": null}
{"utc": "2026-09-24T00:05:37+00:00", "host": "https://innovations.bmj.com/content/8/2/129", "ours": false, "n_items": 10, "error": null, "hit_dir": null}
{"utc": "2026-09-24T00:08:55+00:00", "host": "https://innovations.bmj.com/content/11/4/207", "ours": false, "n_items": 10, "error": null, "hit_dir": null}
{"utc": "2026-09-24T00:10:43+00:00", "host": "https://academic.oup.com/jamiaopen/article/doi/10.1093/jamiaopen/ooaf167/8415655", "ours": null, "n_items": null, "error": "TimeoutError: Timeout 45000ms exceeded while waiting for event \"response\"", "hit_dir": null}
{"utc": "2026-09-24T00:13:39+00:00", "host": "https://innovations.bmj.com/content/12/2/126", "ours": false, "n_items": 10, "error": null, "hit_dir": null}
{"utc": "2026-09-24T00:15:38+00:00", "host": "https://innovations.bmj.com/content/8/2/129", "ours": false, "n_items": 10, "error": null, "hit_dir": null}
{"utc": "2026-09-24T00:17:39+00:00", "host": "https://doi.org/10.1136/bmjopen-2020-044289", "ours": false, "n_items": 6, "error": null, "hit_dir": null}
{"utc": "2026-09-24T00:21:08+00:00", "host": "https://doi.org/10.1136/bmjopen-2026-117423", "ours": false, "n_items": 6, "error": null, "hit_dir": null}
{"utc": "2026-09-24T00:24:05+00:00", "host": "https://innovations.bmj.com/content/7/2/414", "ours": false, "n_items": 6, "error": null, "hit_dir": null}
{"utc": "2026-09-24T00:26:12+00:00", "host": "https://academic.oup.com/jamiaopen/article/doi/10.1093/jamiaopen/ooaf167/8415655", "ours": false, "n_items": 4, "error": null, "hit_dir": null}
{"utc": "2026-09-24T00:29:18+00:00", "host": "https://innovations.bmj.com/content/11/4/207", "ours": false, "n_items": 10, "error": null, "hit_dir": null}
{"utc": "2026-09-24T00:31:49+00:00", "host": "https://doi.org/10.1136/bmjopen-2022-065803", "ours": false, "n_items": 10, "error": null, "hit_dir": null}
{"utc": "2026-09-24T00:34:51+00:00", "host": "https://innovations.bmj.com/content/12/2/126", "ours": false, "n_items": 6, "error": null, "hit_dir": null}
{"utc": "2026-09-24T00:38:18+00:00", "host": "https://doi.org/10.1136/bmjopen-2020-044289", "ours": false, "n_items": 6, "error": null, "hit_dir": null}
{"utc": "2026-09-24T00:40:28+00:00", "host": "https://innovations.bmj.com/content/12/2/126", "ours": false, "n_items": 5, "error": null, "hit_dir": null}
{"utc": "2026-09-24T00:43:41+00:00", "host": "https://doi.org/10.1136/bmjopen-2026-117423", "ours": false, "n_items": 5, "error": null, "hit_dir": null}
{"utc": "2026-09-24T00:47:10+00:00", "host": "https://innovations.bmj.com/content/8/2/129", "ours": false, "n_items": 10, "error": null, "hit_dir": null}
{"utc": "2026-09-24T00:50:37+00:00", "host": "https://academic.oup.com/jamiaopen/article/doi/10.1093/jamiaopen/ooaf167/8415655", "ours": false, "n_items": 4, "error": null, "hit_dir": null}
{"utc": "2026-09-24T00:54:10+00:00", "host": "https://doi.org/10.1136/bmjopen-2022-065803", "ours": false, "n_items": 10, "error": null, "hit_dir": null}
{"utc": "2026-09-24T00:56:42+00:00", "host": "https://innovations.bmj.com/content/11/4/207", "ours": false, "n_items": 10, "error": null, "hit_dir": null}
{"utc": "2026-09-24T00:59:27+00:00", "host": "https://innovations.bmj.com/content/7/2/414", "ours": false, "n_items": 5, "error": null, "hit_dir": null}
{"utc": "2026-09-24T01:02:17+00:00", "host": "https://innovations.bmj.com/content/11/4/207", "ours": false, "n_items": 6, "error": null, "hit_dir": null}
{"utc": "2026-09-24T01:05:41+00:00", "host": "https://doi.org/10.1136/bmjopen-2022-065803", "ours": false, "n_items": 10, "error": null, "hit_dir": null}
{"utc": "2026-09-24T01:08:57+00:00", "host": "https://doi.org/10.1136/bmjopen-2020-044289", "ours": false, "n_items": 10, "error": null, "hit_dir": null}
{"utc": "2026-09-24T01:12:16+00:00", "host": "https://innovations.bmj.com/content/7/2/414", "ours": false, "n_items": 6, "error": null, "hit_dir": null}
{"utc": "2026-09-24T01:15:14+00:00", "host": "https://innovations.bmj.com/content/12/2/126", "ours": false, "n_items": 5, "error": null, "hit_dir": null}
{"utc": "2026-09-24T01:17:02+00:00", "host": "https://doi.org/10.1136/bmjopen-2026-117423", "ours": false, "n_items": 10, "error": null, "hit_dir": null}
{"utc": "2026-09-24T01:19:08+00:00", "host": "https://innovations.bmj.com/content/8/2/129", "ours": false, "n_items": 10, "error": null, "hit_dir": null}
{"utc": "2026-09-24T01:20:52+00:00", "host": "https://academic.oup.com/jamiaopen/article/doi/10.1093/jamiaopen/ooaf167/8415655", "ours": null, "n_items": null, "error": "TimeoutError: Timeout 45000ms exceeded while waiting for event \"response\"", "hit_dir": null}
{"utc": "2026-09-24T01:23:22+00:00", "host": "https://academic.oup.com/jamiaopen/article/doi/10.1093/jamiaopen/ooaf167/8415655", "ours": false, "n_items": 4, "error": null, "hit_dir": null}
{"utc": "2026-09-24T01:25:02+00:00", "host": "https://innovations.bmj.com/content/12/2/126", "ours": false, "n_items": 5, "error": null, "hit_dir": null}
{"utc": "2026-09-24T01:27:26+00:00", "host": "https://innovations.bmj.com/content/7/2/414", "ours": false, "n_items": 10, "error": null, "hit_dir": null}
{"utc": "2026-09-24T01:29:30+00:00", "host": "https://innovations.bmj.com/content/8/2/129", "ours": false, "n_items": 10, "error": null, "hit_dir": null}
{"utc": "2026-09-24T01:32:23+00:00", "host": "https://doi.org/10.1136/bmjopen-2022-065803", "ours": false, "n_items": 10, "error": null, "hit_dir": null}
{"utc": "2026-09-24T01:35:43+00:00", "host": "https://doi.org/10.1136/bmjopen-2020-044289", "ours": false, "n_items": 10, "error": null, "hit_dir": null}
{"utc": "2026-09-24T01:37:41+00:00", "host": "https://innovations.bmj.com/content/11/4/207", "ours": false, "n_items": 7, "error": null, "hit_dir": null}
{"utc": "2026-09-24T01:40:41+00:00", "host": "https://doi.org/10.1136/bmjopen-2026-117423", "ours": false, "n_items": 10, "error": null, "hit_dir": null}
{"utc": "2026-09-24T01:42:43+00:00", "host": "https://innovations.bmj.com/content/12/2/126", "ours": false, "n_items": 10, "error": null, "hit_dir": null}
{"utc": "2026-09-24T01:45:07+00:00", "host": "https://doi.org/10.1136/bmjopen-2026-117423", "ours": false, "n_items": 6, "error": null, "hit_dir": null}
{"utc": "2026-09-24T01:47:48+00:00", "host": "https://innovations.bmj.com/content/11/4/207", "ours": false, "n_items": 6, "error": null, "hit_dir": null}
{"utc": "2026-09-24T01:51:06+00:00", "host": "https://doi.org/10.1136/bmjopen-2020-044289", "ours": false, "n_items": 10, "error": null, "hit_dir": null}
{"utc": "2026-09-24T01:54:20+00:00", "host": "https://innovations.bmj.com/content/8/2/129", "ours": false, "n_items": 10, "error": null, "hit_dir": null}
{"utc": "2026-09-24T01:57:01+00:00", "host": "https://academic.oup.com/jamiaopen/article/doi/10.1093/jamiaopen/ooaf167/8415655", "ours": false, "n_items": 4, "error": null, "hit_dir": null}
{"utc": "2026-09-24T01:59:36+00:00", "host": "https://innovations.bmj.com/content/7/2/414", "ours": false, "n_items": 10, "error": null, "hit_dir": null}
{"utc": "2026-09-24T02:02:30+00:00", "host": "https://doi.org/10.1136/bmjopen-2022-065803", "ours": false, "n_items": 10, "error": null, "hit_dir": null}
{"utc": "2026-09-24T02:04:23+00:00", "host": "https://innovations.bmj.com/content/12/2/126", "ours": false, "n_items": 10, "error": null, "hit_dir": null}
{"utc": "2026-09-24T02:07:49+00:00", "host": "https://innovations.bmj.com/content/8/2/129", "ours": false, "n_items": 10, "error": null, "hit_dir": null}
{"utc": "2026-09-24T02:09:42+00:00", "host": "https://doi.org/10.1136/bmjopen-2020-044289", "ours": false, "n_items": 10, "error": null, "hit_dir": null}
{"utc": "2026-09-24T02:12:48+00:00", "host": "https://innovations.bmj.com/content/11/4/207", "ours": false, "n_items": 10, "error": null, "hit_dir": null}
{"utc": "2026-09-24T02:14:46+00:00", "host": "https://academic.oup.com/jamiaopen/article/doi/10.1093/jamiaopen/ooaf167/8415655", "ours": false, "n_items": 4, "error": null, "hit_dir": null}
{"utc": "2026-09-24T02:18:02+00:00", "host": "https://innovations.bmj.com/content/7/2/414", "ours": false, "n_items": 10, "error": null, "hit_dir": null}
{"utc": "2026-09-24T02:20:09+00:00", "host": "https://doi.org/10.1136/bmjopen-2026-117423", "ours": false, "n_items": 10, "error": null, "hit_dir": null}
{"utc": "2026-09-24T02:22:45+00:00", "host": "https://doi.org/10.1136/bmjopen-2022-065803", "ours": false, "n_items": 10, "error": null, "hit_dir": null}
{"utc": "2026-09-24T02:25:45+00:00", "host": "https://innovations.bmj.com/content/7/2/414", "ours": false, "n_items": 10, "error": null, "hit_dir": null}
{"utc": "2026-09-24T02:29:17+00:00", "host": "https://doi.org/10.1136/bmjopen-2020-044289", "ours": false, "n_items": 6, "error": null, "hit_dir": null}
{"utc": "2026-09-24T02:32:35+00:00", "host": "https://innovations.bmj.com/content/8/2/129", "ours": false, "n_items": 10, "error": null, "hit_dir": null}
{"utc": "2026-09-24T02:35:51+00:00", "host": "https://innovations.bmj.com/content/12/2/126", "ours": false, "n_items": 10, "error": null, "hit_dir": null}
{"utc": "2026-09-24T02:39:17+00:00", "host": "https://academic.oup.com/jamiaopen/article/doi/10.1093/jamiaopen/ooaf167/8415655", "ours": false, "n_items": 4, "error": null, "hit_dir": null}
{"utc": "2026-09-24T02:41:43+00:00", "host": "https://doi.org/10.1136/bmjopen-2026-117423", "ours": false, "n_items": 10, "error": null, "hit_dir": null}
{"utc": "2026-09-24T02:44:14+00:00", "host": "https://doi.org/10.1136/bmjopen-2022-065803", "ours": false, "n_items": 6, "error": null, "hit_dir": null}
{"utc": "2026-09-24T02:46:02+00:00", "host": "https://innovations.bmj.com/content/11/4/207", "ours": null, "n_items": null, "error": "TimeoutError: Timeout 45000ms exceeded while waiting for event \"response\"", "hit_dir": null}
{"utc": "2026-09-24T02:49:45+00:00", "host": "https://innovations.bmj.com/content/12/2/126", "ours": false, "n_items": 10, "error": null, "hit_dir": null}
{"utc": "2026-09-24T02:52:48+00:00", "host": "https://doi.org/10.1136/bmjopen-2022-065803", "ours": false, "n_items": 10, "error": null, "hit_dir": null}
{"utc": "2026-09-24T02:55:53+00:00", "host": "https://innovations.bmj.com/content/7/2/414", "ours": false, "n_items": 6, "error": null, "hit_dir": null}
{"utc": "2026-09-24T02:57:31+00:00", "host": "https://innovations.bmj.com/content/11/4/207", "ours": false, "n_items": 10, "error": null, "hit_dir": null}
{"utc": "2026-09-24T03:00:36+00:00", "host": "https://innovations.bmj.com/content/8/2/129", "ours": false, "n_items": 10, "error": null, "hit_dir": null}
{"utc": "2026-09-24T03:03:33+00:00", "host": "https://doi.org/10.1136/bmjopen-2026-117423", "ours": null, "n_items": null, "error": "TimeoutError: Timeout 45000ms exceeded while waiting for event \"response\"", "hit_dir": null}
{"utc": "2026-09-24T03:06:58+00:00", "host": "https://academic.oup.com/jamiaopen/article/doi/10.1093/jamiaopen/ooaf167/8415655", "ours": null, "n_items": null, "error": "TimeoutError: Timeout 45000ms exceeded while waiting for event \"response\"", "hit_dir": null}
{"utc": "2026-09-24T03:10:53+00:00", "host": "https://doi.org/10.1136/bmjopen-2020-044289", "ours": true, "n_items": 10, "error": null, "hit_dir": "hit_20260924T031053Z_bmjopen-bmj-com-content-11-3-e044289"}
{"utc": "2026-09-24T03:14:04+00:00", "host": "https://innovations.bmj.com/content/11/4/207", "ours": null, "n_items": null, "error": "TimeoutError: Timeout 45000ms exceeded while waiting for event \"response\"", "hit_dir": null}
{"utc": "2026-09-24T03:17:41+00:00", "host": "https://doi.org/10.1136/bmjopen-2020-044289", "ours": false, "n_items": 10, "error": null, "hit_dir": null}
{"utc": "2026-09-24T03:19:49+00:00", "host": "https://innovations.bmj.com/content/12/2/126", "ours": false, "n_items": 6, "error": null, "hit_dir": null}
{"utc": "2026-09-24T03:23:31+00:00", "host": "https://innovations.bmj.com/content/8/2/129", "ours": false, "n_items": 6, "error": null, "hit_dir": null}
{"utc": "2026-09-24T03:27:00+00:00", "host": "https://academic.oup.com/jamiaopen/article/doi/10.1093/jamiaopen/ooaf167/8415655", "ours": false, "n_items": 4, "error": null, "hit_dir": null}
{"utc": "2026-09-24T03:28:36+00:00", "host": "https://doi.org/10.1136/bmjopen-2022-065803", "ours": null, "n_items": null, "error": "TimeoutError: Timeout 45000ms exceeded while waiting for event \"response\"", "hit_dir": null}
{"utc": "2026-09-24T03:31:43+00:00", "host": "https://innovations.bmj.com/content/7/2/414", "ours": false, "n_items": 9, "error": null, "hit_dir": null}
{"utc": "2026-09-24T03:33:20+00:00", "host": "https://doi.org/10.1136/bmjopen-2026-117423", "ours": false, "n_items": 6, "error": null, "hit_dir": null}
{"utc": "2026-09-24T03:37:12+00:00", "host": "https://doi.org/10.1136/bmjopen-2022-065803", "ours": false, "n_items": 6, "error": null, "hit_dir": null}
{"utc": "2026-09-24T03:40:01+00:00", "host": "https://innovations.bmj.com/content/11/4/207", "ours": false, "n_items": 10, "error": null, "hit_dir": null}
{"utc": "2026-09-24T03:42:03+00:00", "host": "https://innovations.bmj.com/content/8/2/129", "ours": false, "n_items": 10, "error": null, "hit_dir": null}
{"utc": "2026-09-24T03:44:49+00:00", "host": "https://innovations.bmj.com/content/7/2/414", "ours": false, "n_items": 5, "error": null, "hit_dir": null}
{"utc": "2026-09-24T03:47:14+00:00", "host": "https://academic.oup.com/jamiaopen/article/doi/10.1093/jamiaopen/ooaf167/8415655", "ours": false, "n_items": 4, "error": null, "hit_dir": null}
{"utc": "2026-09-24T03:48:57+00:00", "host": "https://doi.org/10.1136/bmjopen-2020-044289", "ours": false, "n_items": 10, "error": null, "hit_dir": null}
{"utc": "2026-09-24T03:51:43+00:00", "host": "https://innovations.bmj.com/content/12/2/126", "ours": false, "n_items": 10, "error": null, "hit_dir": null}
{"utc": "2026-09-24T03:55:11+00:00", "host": "https://doi.org/10.1136/bmjopen-2026-117423", "ours": false, "n_items": 5, "error": null, "hit_dir": null}
{"utc": "2026-09-24T03:57:03+00:00", "host": "https://innovations.bmj.com/content/7/2/414", "ours": false, "n_items": 10, "error": null, "hit_dir": null}
{"utc": "2026-09-24T03:59:11+00:00", "host": "https://innovations.bmj.com/content/11/4/207", "ours": false, "n_items": 10, "error": null, "hit_dir": null}
{"utc": "2026-09-24T04:02:30+00:00", "host": "https://academic.oup.com/jamiaopen/article/doi/10.1093/jamiaopen/ooaf167/8415655", "ours": false, "n_items": 4, "error": null, "hit_dir": null}
{"utc": "2026-09-24T04:04:23+00:00", "host": "https://innovations.bmj.com/content/12/2/126", "ours": false, "n_items": 10, "error": null, "hit_dir": null}
{"utc": "2026-09-24T04:07:16+00:00", "host": "https://doi.org/10.1136/bmjopen-2022-065803", "ours": null, "n_items": null, "error": "TimeoutError: Timeout 45000ms exceeded while waiting for event \"response\"", "hit_dir": null}
{"utc": "2026-09-24T04:09:38+00:00", "host": "https://doi.org/10.1136/bmjopen-2020-044289", "ours": null, "n_items": null, "error": "TimeoutError: Timeout 45000ms exceeded while waiting for event \"response\"", "hit_dir": null}
{"utc": "2026-09-24T04:13:29+00:00", "host": "https://doi.org/10.1136/bmjopen-2026-117423", "ours": false, "n_items": 5, "error": null, "hit_dir": null}
{"utc": "2026-09-24T04:15:17+00:00", "host": "https://innovations.bmj.com/content/8/2/129", "ours": false, "n_items": 10, "error": null, "hit_dir": null}
{"utc": "2026-09-24T04:18:36+00:00", "host": "https://innovations.bmj.com/content/8/2/129", "ours": false, "n_items": 5, "error": null, "hit_dir": null}
{"utc": "2026-09-24T04:20:41+00:00", "host": "https://innovations.bmj.com/content/12/2/126", "ours": false, "n_items": 10, "error": null, "hit_dir": null}
{"utc": "2026-09-24T04:23:59+00:00", "host": "https://doi.org/10.1136/bmjopen-2026-117423", "ours": false, "n_items": 10, "error": null, "hit_dir": null}
{"utc": "2026-09-24T04:25:54+00:00", "host": "https://innovations.bmj.com/content/7/2/414", "ours": false, "n_items": 10, "error": null, "hit_dir": null}
{"utc": "2026-09-24T04:28:50+00:00", "host": "https://academic.oup.com/jamiaopen/article/doi/10.1093/jamiaopen/ooaf167/8415655", "ours": null, "n_items": null, "error": "TimeoutError: Timeout 45000ms exceeded while waiting for event \"response\"", "hit_dir": null}
{"utc": "2026-09-24T04:32:41+00:00", "host": "https://doi.org/10.1136/bmjopen-2020-044289", "ours": false, "n_items": 5, "error": null, "hit_dir": null}
{"utc": "2026-09-24T04:35:25+00:00", "host": "https://doi.org/10.1136/bmjopen-2022-065803", "ours": false, "n_items": 10, "error": null, "hit_dir": null}
{"utc": "2026-09-24T04:37:03+00:00", "host": "https://innovations.bmj.com/content/11/4/207", "ours": false, "n_items": 10, "error": null, "hit_dir": null}
{"utc": "2026-09-24T04:40:32+00:00", "host": "https://innovations.bmj.com/content/8/2/129", "ours": false, "n_items": 5, "error": null, "hit_dir": null}
{"utc": "2026-09-24T04:42:16+00:00", "host": "https://innovations.bmj.com/content/11/4/207", "ours": false, "n_items": 10, "error": null, "hit_dir": null}
{"utc": "2026-09-24T04:44:17+00:00", "host": "https://innovations.bmj.com/content/12/2/126", "ours": false, "n_items": 10, "error": null, "hit_dir": null}
{"utc": "2026-09-24T04:46:26+00:00", "host": "https://doi.org/10.1136/bmjopen-2020-044289", "ours": false, "n_items": 10, "error": null, "hit_dir": null}
{"utc": "2026-09-24T04:49:53+00:00", "host": "https://innovations.bmj.com/content/7/2/414", "ours": false, "n_items": 10, "error": null, "hit_dir": null}
{"utc": "2026-09-24T04:53:06+00:00", "host": "https://doi.org/10.1136/bmjopen-2026-117423", "ours": false, "n_items": 10, "error": null, "hit_dir": null}
{"utc": "2026-09-24T04:56:11+00:00", "host": "https://academic.oup.com/jamiaopen/article/doi/10.1093/jamiaopen/ooaf167/8415655", "ours": null, "n_items": null, "error": "TimeoutError: Timeout 45000ms exceeded while waiting for event \"response\"", "hit_dir": null}
{"utc": "2026-09-24T05:00:12+00:00", "host": "https://doi.org/10.1136/bmjopen-2022-065803", "ours": false, "n_items": 8, "error": null, "hit_dir": null}
{"utc": "2026-09-24T05:02:56+00:00", "host": "https://innovations.bmj.com/content/7/2/414", "ours": false, "n_items": 10, "error": null, "hit_dir": null}
{"utc": "2026-09-24T05:05:50+00:00", "host": "https://academic.oup.com/jamiaopen/article/doi/10.1093/jamiaopen/ooaf167/8415655", "ours": false, "n_items": 4, "error": null, "hit_dir": null}
{"utc": "2026-09-24T05:07:58+00:00", "host": "https://innovations.bmj.com/content/8/2/129", "ours": false, "n_items": 10, "error": null, "hit_dir": null}
{"utc": "2026-09-24T05:10:17+00:00", "host": "https://doi.org/10.1136/bmjopen-2022-065803", "ours": false, "n_items": 5, "error": null, "hit_dir": null}
{"utc": "2026-09-24T05:12:10+00:00", "host": "https://doi.org/10.1136/bmjopen-2020-044289", "ours": false, "n_items": 10, "error": null, "hit_dir": null}
{"utc": "2026-09-24T05:14:01+00:00", "host": "https://doi.org/10.1136/bmjopen-2026-117423", "ours": false, "n_items": 10, "error": null, "hit_dir": null}
{"utc": "2026-09-24T05:15:48+00:00", "host": "https://innovations.bmj.com/content/11/4/207", "ours": false, "n_items": 10, "error": null, "hit_dir": null}
{"utc": "2026-09-24T05:19:21+00:00", "host": "https://innovations.bmj.com/content/12/2/126", "ours": false, "n_items": 10, "error": null, "hit_dir": null}
{"utc": "2026-09-24T05:21:48+00:00", "host": "https://innovations.bmj.com/content/8/2/129", "ours": false, "n_items": 10, "error": null, "hit_dir": null}
{"utc": "2026-09-24T05:23:35+00:00", "host": "https://doi.org/10.1136/bmjopen-2026-117423", "ours": false, "n_items": 10, "error": null, "hit_dir": null}
{"utc": "2026-09-24T05:26:31+00:00", "host": "https://doi.org/10.1136/bmjopen-2022-065803", "ours": false, "n_items": 5, "error": null, "hit_dir": null}
{"utc": "2026-09-24T05:29:34+00:00", "host": "https://innovations.bmj.com/content/7/2/414", "ours": false, "n_items": 10, "error": null, "hit_dir": null}
{"utc": "2026-09-24T05:32:58+00:00", "host": "https://doi.org/10.1136/bmjopen-2020-044289", "ours": false, "n_items": 5, "error": null, "hit_dir": null}
{"utc": "2026-09-24T05:35:29+00:00", "host": "https://academic.oup.com/jamiaopen/article/doi/10.1093/jamiaopen/ooaf167/8415655", "ours": null, "n_items": null, "error": "TimeoutError: Timeout 45000ms exceeded while waiting for event \"response\"", "hit_dir": null}
{"utc": "2026-09-24T05:38:03+00:00", "host": "https://innovations.bmj.com/content/12/2/126", "ours": false, "n_items": 5, "error": null, "hit_dir": null}
{"utc": "2026-09-24T05:39:51+00:00", "host": "https://innovations.bmj.com/content/11/4/207", "ours": false, "n_items": 10, "error": null, "hit_dir": null}
{"utc": "2026-09-24T05:41:44+00:00", "host": "https://innovations.bmj.com/content/7/2/414", "ours": false, "n_items": 10, "error": null, "hit_dir": null}
{"utc": "2026-09-24T05:45:06+00:00", "host": "https://innovations.bmj.com/content/12/2/126", "ours": false, "n_items": 10, "error": null, "hit_dir": null}
{"utc": "2026-09-24T05:47:15+00:00", "host": "https://doi.org/10.1136/bmjopen-2022-065803", "ours": false, "n_items": 5, "error": null, "hit_dir": null}
{"utc": "2026-09-24T05:50:34+00:00", "host": "https://academic.oup.com/jamiaopen/article/doi/10.1093/jamiaopen/ooaf167/8415655", "ours": null, "n_items": null, "error": "TimeoutError: Timeout 45000ms exceeded while waiting for event \"response\"", "hit_dir": null}
{"utc": "2026-09-24T05:53:36+00:00", "host": "https://doi.org/10.1136/bmjopen-2026-117423", "ours": false, "n_items": 10, "error": null, "hit_dir": null}
{"utc": "2026-09-24T05:56:48+00:00", "host": "https://innovations.bmj.com/content/11/4/207", "ours": false, "n_items": 10, "error": null, "hit_dir": null}
{"utc": "2026-09-24T05:58:41+00:00", "host": "https://innovations.bmj.com/content/8/2/129", "ours": false, "n_items": 8, "error": null, "hit_dir": null}
{"utc": "2026-09-24T06:02:01+00:00", "host": "https://doi.org/10.1136/bmjopen-2020-044289", "ours": false, "n_items": 5, "error": null, "hit_dir": null}
{"utc": "2026-09-24T06:04:03+00:00", "host": "https://doi.org/10.1136/bmjopen-2020-044289", "ours": false, "n_items": 5, "error": null, "hit_dir": null}
{"utc": "2026-09-24T06:06:30+00:00", "host": "https://innovations.bmj.com/content/11/4/207", "ours": false, "n_items": 10, "error": null, "hit_dir": null}
{"utc": "2026-09-24T06:08:09+00:00", "host": "https://innovations.bmj.com/content/12/2/126", "ours": false, "n_items": 5, "error": null, "hit_dir": null}
{"utc": "2026-09-24T06:11:24+00:00", "host": "https://innovations.bmj.com/content/8/2/129", "ours": false, "n_items": 5, "error": null, "hit_dir": null}
{"utc": "2026-09-24T06:14:07+00:00", "host": "https://doi.org/10.1136/bmjopen-2022-065803", "ours": false, "n_items": 10, "error": null, "hit_dir": null}
{"utc": "2026-09-24T06:17:59+00:00", "host": "https://doi.org/10.1136/bmjopen-2026-117423", "ours": false, "n_items": 10, "error": null, "hit_dir": null}
{"utc": "2026-09-24T06:19:40+00:00", "host": "https://innovations.bmj.com/content/7/2/414", "ours": false, "n_items": 5, "error": null, "hit_dir": null}
{"utc": "2026-09-24T06:22:00+00:00", "host": "https://academic.oup.com/jamiaopen/article/doi/10.1093/jamiaopen/ooaf167/8415655", "ours": null, "n_items": null, "error": "TimeoutError: Timeout 45000ms exceeded while waiting for event \"response\"", "hit_dir": null}
{"utc": "2026-09-24T06:25:20+00:00", "host": "https://academic.oup.com/jamiaopen/article/doi/10.1093/jamiaopen/ooaf167/8415655", "ours": null, "n_items": null, "error": "TimeoutError: Timeout 45000ms exceeded while waiting for event \"response\"", "hit_dir": null}
{"utc": "2026-09-24T06:29:16+00:00", "host": "https://doi.org/10.1136/bmjopen-2022-065803", "ours": false, "n_items": 10, "error": null, "hit_dir": null}
{"utc": "2026-09-24T06:32:52+00:00", "host": "https://doi.org/10.1136/bmjopen-2026-117423", "ours": false, "n_items": 10, "error": null, "hit_dir": null}
{"utc": "2026-09-24T06:35:59+00:00", "host": "https://innovations.bmj.com/content/7/2/414", "ours": false, "n_items": 10, "error": null, "hit_dir": null}
{"utc": "2026-09-24T06:38:55+00:00", "host": "https://doi.org/10.1136/bmjopen-2020-044289", "ours": false, "n_items": 10, "error": null, "hit_dir": null}
{"utc": "2026-09-24T06:41:02+00:00", "host": "https://innovations.bmj.com/content/8/2/129", "ours": false, "n_items": 10, "error": null, "hit_dir": null}
{"utc": "2026-09-24T06:43:20+00:00", "host": "https://innovations.bmj.com/content/11/4/207", "ours": false, "n_items": 5, "error": null, "hit_dir": null}
{"utc": "2026-09-24T06:45:15+00:00", "host": "https://innovations.bmj.com/content/12/2/126", "ours": false, "n_items": 10, "error": null, "hit_dir": null}
{"utc": "2026-09-24T06:47:20+00:00", "host": "https://doi.org/10.1136/bmjopen-2022-065803", "ours": false, "n_items": 10, "error": null, "hit_dir": null}
{"utc": "2026-09-24T06:50:06+00:00", "host": "https://academic.oup.com/jamiaopen/article/doi/10.1093/jamiaopen/ooaf167/8415655", "ours": false, "n_items": 4, "error": null, "hit_dir": null}
{"utc": "2026-09-24T06:53:09+00:00", "host": "https://innovations.bmj.com/content/11/4/207", "ours": false, "n_items": 10, "error": null, "hit_dir": null}
{"utc": "2026-09-24T06:56:21+00:00", "host": "https://innovations.bmj.com/content/8/2/129", "ours": false, "n_items": 10, "error": null, "hit_dir": null}
{"utc": "2026-09-24T06:58:34+00:00", "host": "https://innovations.bmj.com/content/7/2/414", "ours": false, "n_items": 5, "error": null, "hit_dir": null}
{"utc": "2026-09-24T07:01:30+00:00", "host": "https://innovations.bmj.com/content/12/2/126", "ours": false, "n_items": 10, "error": null, "hit_dir": null}
{"utc": "2026-09-24T07:04:19+00:00", "host": "https://doi.org/10.1136/bmjopen-2026-117423", "ours": false, "n_items": 5, "error": null, "hit_dir": null}
{"utc": "2026-09-24T07:07:07+00:00", "host": "https://doi.org/10.1136/bmjopen-2020-044289", "ours": false, "n_items": 10, "error": null, "hit_dir": null}
{"utc": "2026-09-24T07:09:05+00:00", "host": "https://doi.org/10.1136/bmjopen-2026-117423", "ours": false, "n_items": 10, "error": null, "hit_dir": null}
{"utc": "2026-09-24T07:10:55+00:00", "host": "https://doi.org/10.1136/bmjopen-2020-044289", "ours": false, "n_items": 5, "error": null, "hit_dir": null}
{"utc": "2026-09-24T07:13:41+00:00", "host": "https://innovations.bmj.com/content/7/2/414", "ours": false, "n_items": 10, "error": null, "hit_dir": null}
{"utc": "2026-09-24T07:16:56+00:00", "host": "https://academic.oup.com/jamiaopen/article/doi/10.1093/jamiaopen/ooaf167/8415655", "ours": false, "n_items": 4, "error": null, "hit_dir": null}
{"utc": "2026-09-24T07:19:51+00:00", "host": "https://doi.org/10.1136/bmjopen-2022-065803", "ours": false, "n_items": 10, "error": null, "hit_dir": null}
{"utc": "2026-09-24T07:23:41+00:00", "host": "https://innovations.bmj.com/content/11/4/207", "ours": null, "n_items": null, "error": "TimeoutError: Timeout 45000ms exceeded while waiting for event \"response\"", "hit_dir": null}
{"utc": "2026-09-24T07:26:47+00:00", "host": "https://innovations.bmj.com/content/12/2/126", "ours": false, "n_items": 10, "error": null, "hit_dir": null}
{"utc": "2026-09-24T07:28:44+00:00", "host": "https://innovations.bmj.com/content/8/2/129", "ours": false, "n_items": 10, "error": null, "hit_dir": null}
{"utc": "2026-09-24T07:31:54+00:00", "host": "https://doi.org/10.1136/bmjopen-2026-117423", "ours": false, "n_items": 10, "error": null, "hit_dir": null}
{"utc": "2026-09-24T07:34:14+00:00", "host": "https://doi.org/10.1136/bmjopen-2022-065803", "ours": false, "n_items": 10, "error": null, "hit_dir": null}
{"utc": "2026-09-24T07:35:55+00:00", "host": "https://academic.oup.com/jamiaopen/article/doi/10.1093/jamiaopen/ooaf167/8415655", "ours": null, "n_items": null, "error": "TimeoutError: Timeout 45000ms exceeded while waiting for event \"response\"", "hit_dir": null}
{"utc": "2026-09-24T07:38:38+00:00", "host": "https://innovations.bmj.com/content/8/2/129", "ours": false, "n_items": 10, "error": null, "hit_dir": null}
{"utc": "2026-09-24T07:40:17+00:00", "host": "https://innovations.bmj.com/content/7/2/414", "ours": false, "n_items": 10, "error": null, "hit_dir": null}
{"utc": "2026-09-24T07:42:00+00:00", "host": "https://innovations.bmj.com/content/12/2/126", "ours": false, "n_items": 5, "error": null, "hit_dir": null}
{"utc": "2026-09-24T07:44:26+00:00", "host": "https://doi.org/10.1136/bmjopen-2020-044289", "ours": false, "n_items": 10, "error": null, "hit_dir": null}
{"utc": "2026-09-24T07:46:24+00:00", "host": "https://innovations.bmj.com/content/11/4/207", "ours": false, "n_items": 10, "error": null, "hit_dir": null}
{"utc": "2026-09-24T07:49:09+00:00", "host": "https://innovations.bmj.com/content/12/2/126", "ours": false, "n_items": 10, "error": null, "hit_dir": null}
{"utc": "2026-09-24T07:52:33+00:00", "host": "https://academic.oup.com/jamiaopen/article/doi/10.1093/jamiaopen/ooaf167/8415655", "ours": false, "n_items": 4, "error": null, "hit_dir": null}
{"utc": "2026-09-24T07:55:52+00:00", "host": "https://innovations.bmj.com/content/8/2/129", "ours": false, "n_items": 5, "error": null, "hit_dir": null}
{"utc": "2026-09-24T07:57:56+00:00", "host": "https://innovations.bmj.com/content/11/4/207", "ours": false, "n_items": 10, "error": null, "hit_dir": null}
{"utc": "2026-09-24T08:01:01+00:00", "host": "https://doi.org/10.1136/bmjopen-2020-044289", "ours": null, "n_items": null, "error": "TimeoutError: Page.goto: Timeout 60000ms exceeded.\nCall log:\n  - navigating to \"https://doi.org/10.1136/bmjopen-2020-044289\", waiting until \"domcontentloaded\"\n", "hit_dir": null}
{"utc": "2026-09-24T08:04:14+00:00", "host": "https://doi.org/10.1136/bmjopen-2022-065803", "ours": false, "n_items": 10, "error": null, "hit_dir": null}
{"utc": "2026-09-24T08:06:05+00:00", "host": "https://innovations.bmj.com/content/7/2/414", "ours": false, "n_items": 7, "error": null, "hit_dir": null}
{"utc": "2026-09-24T08:08:11+00:00", "host": "https://doi.org/10.1136/bmjopen-2026-117423", "ours": false, "n_items": 10, "error": null, "hit_dir": null}
{"utc": "2026-09-24T08:10:49+00:00", "host": "https://innovations.bmj.com/content/8/2/129", "ours": false, "n_items": 10, "error": null, "hit_dir": null}
{"utc": "2026-09-24T08:14:09+00:00", "host": "https://academic.oup.com/jamiaopen/article/doi/10.1093/jamiaopen/ooaf167/8415655", "ours": false, "n_items": 4, "error": null, "hit_dir": null}
{"utc": "2026-09-24T08:17:29+00:00", "host": "https://doi.org/10.1136/bmjopen-2026-117423", "ours": false, "n_items": 5, "error": null, "hit_dir": null}
{"utc": "2026-09-24T08:20:00+00:00", "host": "https://innovations.bmj.com/content/7/2/414", "ours": false, "n_items": 5, "error": null, "hit_dir": null}
{"utc": "2026-09-24T08:22:19+00:00", "host": "https://innovations.bmj.com/content/12/2/126", "ours": false, "n_items": 10, "error": null, "hit_dir": null}
{"utc": "2026-09-24T08:24:54+00:00", "host": "https://doi.org/10.1136/bmjopen-2022-065803", "ours": false, "n_items": 10, "error": null, "hit_dir": null}
{"utc": "2026-09-24T08:27:17+00:00", "host": "https://doi.org/10.1136/bmjopen-2020-044289", "ours": false, "n_items": 10, "error": null, "hit_dir": null}
{"utc": "2026-09-24T08:30:35+00:00", "host": "https://innovations.bmj.com/content/11/4/207", "ours": false, "n_items": 10, "error": null, "hit_dir": null}
{"utc": "2026-09-24T08:32:37+00:00", "host": "https://innovations.bmj.com/content/11/4/207", "ours": false, "n_items": 10, "error": null, "hit_dir": null}
{"utc": "2026-09-24T08:35:53+00:00", "host": "https://doi.org/10.1136/bmjopen-2020-044289", "ours": false, "n_items": 7, "error": null, "hit_dir": null}
{"utc": "2026-09-24T08:38:31+00:00", "host": "https://academic.oup.com/jamiaopen/article/doi/10.1093/jamiaopen/ooaf167/8415655", "ours": false, "n_items": 4, "error": null, "hit_dir": null}
{"utc": "2026-09-24T08:41:45+00:00", "host": "https://innovations.bmj.com/content/12/2/126", "ours": false, "n_items": 10, "error": null, "hit_dir": null}
{"utc": "2026-09-24T08:43:40+00:00", "host": "https://doi.org/10.1136/bmjopen-2026-117423", "ours": false, "n_items": 5, "error": null, "hit_dir": null}
{"utc": "2026-09-24T08:46:14+00:00", "host": "https://doi.org/10.1136/bmjopen-2022-065803", "ours": false, "n_items": 10, "error": null, "hit_dir": null}
{"utc": "2026-09-24T08:48:49+00:00", "host": "https://innovations.bmj.com/content/8/2/129", "ours": false, "n_items": 10, "error": null, "hit_dir": null}
{"utc": "2026-09-24T08:51:37+00:00", "host": "https://innovations.bmj.com/content/7/2/414", "ours": false, "n_items": 7, "error": null, "hit_dir": null}
{"utc": "2026-09-24T08:53:28+00:00", "host": "https://innovations.bmj.com/content/8/2/129", "ours": false, "n_items": 5, "error": null, "hit_dir": null}
{"utc": "2026-09-24T08:56:49+00:00", "host": "https://doi.org/10.1136/bmjopen-2020-044289", "ours": false, "n_items": 10, "error": null, "hit_dir": null}
{"utc": "2026-09-24T08:58:33+00:00", "host": "https://innovations.bmj.com/content/11/4/207", "ours": false, "n_items": 10, "error": null, "hit_dir": null}
{"utc": "2026-09-24T09:01:48+00:00", "host": "https://innovations.bmj.com/content/7/2/414", "ours": false, "n_items": 5, "error": null, "hit_dir": null}
{"utc": "2026-09-24T09:05:19+00:00", "host": "https://innovations.bmj.com/content/12/2/126", "ours": false, "n_items": 5, "error": null, "hit_dir": null}
{"utc": "2026-09-24T09:07:46+00:00", "host": "https://doi.org/10.1136/bmjopen-2026-117423", "ours": false, "n_items": 10, "error": null, "hit_dir": null}
{"utc": "2026-09-24T09:10:05+00:00", "host": "https://doi.org/10.1136/bmjopen-2022-065803", "ours": false, "n_items": 10, "error": null, "hit_dir": null}
{"utc": "2026-09-24T09:11:54+00:00", "host": "https://academic.oup.com/jamiaopen/article/doi/10.1093/jamiaopen/ooaf167/8415655", "ours": false, "n_items": 4, "error": null, "hit_dir": null}
{"utc": "2026-09-24T09:15:08+00:00", "host": "https://academic.oup.com/jamiaopen/article/doi/10.1093/jamiaopen/ooaf167/8415655", "ours": false, "n_items": 4, "error": null, "hit_dir": null}
{"utc": "2026-09-24T09:18:26+00:00", "host": "https://doi.org/10.1136/bmjopen-2022-065803", "ours": false, "n_items": 10, "error": null, "hit_dir": null}
{"utc": "2026-09-24T09:21:54+00:00", "host": "https://innovations.bmj.com/content/8/2/129", "ours": false, "n_items": 10, "error": null, "hit_dir": null}
{"utc": "2026-09-24T09:24:52+00:00", "host": "https://innovations.bmj.com/content/12/2/126", "ours": false, "n_items": 5, "error": null, "hit_dir": null}
{"utc": "2026-09-24T09:27:56+00:00", "host": "https://doi.org/10.1136/bmjopen-2020-044289", "ours": false, "n_items": 10, "error": null, "hit_dir": null}
{"utc": "2026-09-24T09:30:45+00:00", "host": "https://innovations.bmj.com/content/11/4/207", "ours": false, "n_items": 10, "error": null, "hit_dir": null}
{"utc": "2026-09-24T09:34:08+00:00", "host": "https://innovations.bmj.com/content/7/2/414", "ours": false, "n_items": 5, "error": null, "hit_dir": null}
{"utc": "2026-09-24T09:37:17+00:00", "host": "https://doi.org/10.1136/bmjopen-2026-117423", "ours": false, "n_items": 9, "error": null, "hit_dir": null}
{"utc": "2026-09-24T09:39:59+00:00", "host": "https://doi.org/10.1136/bmjopen-2026-117423", "ours": false, "n_items": 10, "error": null, "hit_dir": null}
{"utc": "2026-09-24T09:43:01+00:00", "host": "https://innovations.bmj.com/content/7/2/414", "ours": false, "n_items": 10, "error": null, "hit_dir": null}
{"utc": "2026-09-24T09:46:36+00:00", "host": "https://innovations.bmj.com/content/12/2/126", "ours": false, "n_items": 10, "error": null, "hit_dir": null}
{"utc": "2026-09-24T09:49:36+00:00", "host": "https://doi.org/10.1136/bmjopen-2022-065803", "ours": false, "n_items": 10, "error": null, "hit_dir": null}
{"utc": "2026-09-24T09:52:20+00:00", "host": "https://innovations.bmj.com/content/8/2/129", "ours": false, "n_items": 10, "error": null, "hit_dir": null}
{"utc": "2026-09-24T09:54:27+00:00", "host": "https://doi.org/10.1136/bmjopen-2020-044289", "ours": false, "n_items": 10, "error": null, "hit_dir": null}
{"utc": "2026-09-24T09:57:15+00:00", "host": "https://innovations.bmj.com/content/11/4/207", "ours": false, "n_items": 10, "error": null, "hit_dir": null}
{"utc": "2026-09-24T09:59:52+00:00", "host": "https://academic.oup.com/jamiaopen/article/doi/10.1093/jamiaopen/ooaf167/8415655", "ours": false, "n_items": 4, "error": null, "hit_dir": null}
{"utc": "2026-09-24T10:02:17+00:00", "host": "https://innovations.bmj.com/content/12/2/126", "ours": false, "n_items": 5, "error": null, "hit_dir": null}
{"utc": "2026-09-24T10:05:19+00:00", "host": "https://innovations.bmj.com/content/11/4/207", "ours": false, "n_items": 10, "error": null, "hit_dir": null}
{"utc": "2026-09-24T10:06:58+00:00", "host": "https://doi.org/10.1136/bmjopen-2026-117423", "ours": false, "n_items": 5, "error": null, "hit_dir": null}
{"utc": "2026-09-24T10:09:03+00:00", "host": "https://academic.oup.com/jamiaopen/article/doi/10.1093/jamiaopen/ooaf167/8415655", "ours": false, "n_items": 4, "error": null, "hit_dir": null}
{"utc": "2026-09-24T10:10:43+00:00", "host": "https://innovations.bmj.com/content/7/2/414", "ours": false, "n_items": 10, "error": null, "hit_dir": null}
{"utc": "2026-09-24T10:13:46+00:00", "host": "https://doi.org/10.1136/bmjopen-2022-065803", "ours": false, "n_items": 5, "error": null, "hit_dir": null}
{"utc": "2026-09-24T10:15:52+00:00", "host": "https://innovations.bmj.com/content/8/2/129", "ours": false, "n_items": 10, "error": null, "hit_dir": null}
{"utc": "2026-09-24T10:19:03+00:00", "host": "https://doi.org/10.1136/bmjopen-2020-044289", "ours": false, "n_items": 10, "error": null, "hit_dir": null}
{"utc": "2026-09-24T10:21:10+00:00", "host": "https://innovations.bmj.com/content/8/2/129", "ours": false, "n_items": 10, "error": null, "hit_dir": null}
{"utc": "2026-09-24T10:23:22+00:00", "host": "https://academic.oup.com/jamiaopen/article/doi/10.1093/jamiaopen/ooaf167/8415655", "ours": false, "n_items": 4, "error": null, "hit_dir": null}
{"utc": "2026-09-24T10:25:39+00:00", "host": "https://innovations.bmj.com/content/11/4/207", "ours": false, "n_items": 10, "error": null, "hit_dir": null}
{"utc": "2026-09-24T10:27:47+00:00", "host": "https://innovations.bmj.com/content/12/2/126", "ours": false, "n_items": 5, "error": null, "hit_dir": null}
{"utc": "2026-09-24T10:30:37+00:00", "host": "https://doi.org/10.1136/bmjopen-2022-065803", "ours": false, "n_items": 10, "error": null, "hit_dir": null}
{"utc": "2026-09-24T10:32:43+00:00", "host": "https://doi.org/10.1136/bmjopen-2026-117423", "ours": false, "n_items": 10, "error": null, "hit_dir": null}
{"utc": "2026-09-24T10:34:36+00:00", "host": "https://innovations.bmj.com/content/7/2/414", "ours": false, "n_items": 10, "error": null, "hit_dir": null}
{"utc": "2026-09-24T10:37:05+00:00", "host": "https://doi.org/10.1136/bmjopen-2020-044289", "ours": false, "n_items": 10, "error": null, "hit_dir": null}
{"utc": "2026-09-24T10:40:40+00:00", "host": "https://doi.org/10.1136/bmjopen-2022-065803", "ours": false, "n_items": 10, "error": null, "hit_dir": null}
{"utc": "2026-09-24T10:42:46+00:00", "host": "https://doi.org/10.1136/bmjopen-2020-044289", "ours": false, "n_items": 10, "error": null, "hit_dir": null}
{"utc": "2026-09-24T10:46:01+00:00", "host": "https://doi.org/10.1136/bmjopen-2026-117423", "ours": false, "n_items": 10, "error": null, "hit_dir": null}
{"utc": "2026-09-24T10:48:50+00:00", "host": "https://academic.oup.com/jamiaopen/article/doi/10.1093/jamiaopen/ooaf167/8415655", "ours": false, "n_items": 4, "error": null, "hit_dir": null}
{"utc": "2026-09-24T10:51:46+00:00", "host": "https://innovations.bmj.com/content/11/4/207", "ours": false, "n_items": 10, "error": null, "hit_dir": null}
{"utc": "2026-09-24T10:55:15+00:00", "host": "https://innovations.bmj.com/content/12/2/126", "ours": false, "n_items": 5, "error": null, "hit_dir": null}
{"utc": "2026-09-24T10:58:12+00:00", "host": "https://innovations.bmj.com/content/8/2/129", "ours": false, "n_items": 5, "error": null, "hit_dir": null}
{"utc": "2026-09-24T11:00:34+00:00", "host": "https://innovations.bmj.com/content/7/2/414", "ours": false, "n_items": 10, "error": null, "hit_dir": null}
{"utc": "2026-09-24T11:02:10+00:00", "host": "https://innovations.bmj.com/content/11/4/207", "ours": false, "n_items": 10, "error": null, "hit_dir": null}
{"utc": "2026-09-24T11:04:54+00:00", "host": "https://innovations.bmj.com/content/8/2/129", "ours": false, "n_items": 10, "error": null, "hit_dir": null}
{"utc": "2026-09-24T11:06:48+00:00", "host": "https://innovations.bmj.com/content/12/2/126", "ours": false, "n_items": 5, "error": null, "hit_dir": null}
{"utc": "2026-09-24T11:08:48+00:00", "host": "https://doi.org/10.1136/bmjopen-2026-117423", "ours": false, "n_items": 5, "error": null, "hit_dir": null}
{"utc": "2026-09-24T11:10:25+00:00", "host": "https://academic.oup.com/jamiaopen/article/doi/10.1093/jamiaopen/ooaf167/8415655", "ours": false, "n_items": 4, "error": null, "hit_dir": null}
{"utc": "2026-09-24T11:12:39+00:00", "host": "https://doi.org/10.1136/bmjopen-2022-065803", "ours": false, "n_items": 10, "error": null, "hit_dir": null}
{"utc": "2026-09-24T11:14:49+00:00", "host": "https://innovations.bmj.com/content/7/2/414", "ours": false, "n_items": 10, "error": null, "hit_dir": null}
{"utc": "2026-09-24T11:16:41+00:00", "host": "https://doi.org/10.1136/bmjopen-2020-044289", "ours": false, "n_items": 5, "error": null, "hit_dir": null}
{"utc": "2026-09-24T11:18:37+00:00", "host": "https://academic.oup.com/jamiaopen/article/doi/10.1093/jamiaopen/ooaf167/8415655", "ours": false, "n_items": 4, "error": null, "hit_dir": null}
{"utc": "2026-09-24T11:21:03+00:00", "host": "https://doi.org/10.1136/bmjopen-2022-065803", "ours": false, "n_items": 10, "error": null, "hit_dir": null}
{"utc": "2026-09-24T11:23:25+00:00", "host": "https://innovations.bmj.com/content/8/2/129", "ours": false, "n_items": 10, "error": null, "hit_dir": null}
{"utc": "2026-09-24T11:26:38+00:00", "host": "https://doi.org/10.1136/bmjopen-2026-117423", "ours": false, "n_items": 10, "error": null, "hit_dir": null}
{"utc": "2026-09-24T11:29:11+00:00", "host": "https://doi.org/10.1136/bmjopen-2020-044289", "ours": false, "n_items": 10, "error": null, "hit_dir": null}
{"utc": "2026-09-24T11:31:21+00:00", "host": "https://innovations.bmj.com/content/11/4/207", "ours": false, "n_items": 5, "error": null, "hit_dir": null}
{"utc": "2026-09-24T11:34:37+00:00", "host": "https://innovations.bmj.com/content/12/2/126", "ours": false, "n_items": 5, "error": null, "hit_dir": null}
{"utc": "2026-09-24T11:37:11+00:00", "host": "https://innovations.bmj.com/content/7/2/414", "ours": false, "n_items": 5, "error": null, "hit_dir": null}
{"utc": "2026-09-24T11:38:48+00:00", "host": "https://innovations.bmj.com/content/7/2/414", "ours": false, "n_items": 10, "error": null, "hit_dir": null}
{"utc": "2026-09-24T11:40:49+00:00", "host": "https://innovations.bmj.com/content/8/2/129", "ours": false, "n_items": 5, "error": null, "hit_dir": null}
{"utc": "2026-09-24T11:43:30+00:00", "host": "https://innovations.bmj.com/content/11/4/207", "ours": false, "n_items": 10, "error": null, "hit_dir": null}
{"utc": "2026-09-24T11:46:15+00:00", "host": "https://doi.org/10.1136/bmjopen-2026-117423", "ours": false, "n_items": 10, "error": null, "hit_dir": null}
{"utc": "2026-09-24T11:47:52+00:00", "host": "https://doi.org/10.1136/bmjopen-2022-065803", "ours": false, "n_items": 5, "error": null, "hit_dir": null}
{"utc": "2026-09-24T11:50:02+00:00", "host": "https://academic.oup.com/jamiaopen/article/doi/10.1093/jamiaopen/ooaf167/8415655", "ours": false, "n_items": 4, "error": null, "hit_dir": null}
{"utc": "2026-09-24T11:51:44+00:00", "host": "https://doi.org/10.1136/bmjopen-2020-044289", "ours": false, "n_items": 10, "error": null, "hit_dir": null}
{"utc": "2026-09-24T11:53:41+00:00", "host": "https://innovations.bmj.com/content/12/2/126", "ours": false, "n_items": 10, "error": null, "hit_dir": null}
{"utc": "2026-09-24T11:56:28+00:00", "host": "https://innovations.bmj.com/content/7/2/414", "ours": false, "n_items": 5, "error": null, "hit_dir": null}
{"utc": "2026-09-24T11:59:52+00:00", "host": "https://innovations.bmj.com/content/11/4/207", "ours": false, "n_items": 10, "error": null, "hit_dir": null}
{"utc": "2026-09-24T12:01:59+00:00", "host": "https://doi.org/10.1136/bmjopen-2020-044289", "ours": false, "n_items": 5, "error": null, "hit_dir": null}
{"utc": "2026-09-24T12:04:34+00:00", "host": "https://doi.org/10.1136/bmjopen-2022-065803", "ours": false, "n_items": 10, "error": null, "hit_dir": null}
{"utc": "2026-09-24T12:06:23+00:00", "host": "https://academic.oup.com/jamiaopen/article/doi/10.1093/jamiaopen/ooaf167/8415655", "ours": false, "n_items": 4, "error": null, "hit_dir": null}
{"utc": "2026-09-24T12:09:31+00:00", "host": "https://doi.org/10.1136/bmjopen-2026-117423", "ours": false, "n_items": 5, "error": null, "hit_dir": null}
{"utc": "2026-09-24T12:12:52+00:00", "host": "https://innovations.bmj.com/content/12/2/126", "ours": false, "n_items": 5, "error": null, "hit_dir": null}
{"utc": "2026-09-24T12:15:14+00:00", "host": "https://innovations.bmj.com/content/8/2/129", "ours": false, "n_items": 10, "error": null, "hit_dir": null}
{"utc": "2026-09-24T12:16:56+00:00", "host": "https://doi.org/10.1136/bmjopen-2026-117423", "ours": false, "n_items": 10, "error": null, "hit_dir": null}
{"utc": "2026-09-24T12:20:22+00:00", "host": "https://academic.oup.com/jamiaopen/article/doi/10.1093/jamiaopen/ooaf167/8415655", "ours": false, "n_items": 4, "error": null, "hit_dir": null}
{"utc": "2026-09-24T12:23:54+00:00", "host": "https://doi.org/10.1136/bmjopen-2022-065803", "ours": false, "n_items": 5, "error": null, "hit_dir": null}
{"utc": "2026-09-24T12:26:07+00:00", "host": "https://innovations.bmj.com/content/7/2/414", "ours": false, "n_items": 10, "error": null, "hit_dir": null}
{"utc": "2026-09-24T12:27:46+00:00", "host": "https://innovations.bmj.com/content/8/2/129", "ours": false, "n_items": 5, "error": null, "hit_dir": null}
{"utc": "2026-09-24T12:29:46+00:00", "host": "https://doi.org/10.1136/bmjopen-2020-044289", "ours": false, "n_items": 10, "error": null, "hit_dir": null}
{"utc": "2026-09-24T12:32:16+00:00", "host": "https://innovations.bmj.com/content/12/2/126", "ours": false, "n_items": 10, "error": null, "hit_dir": null}
